levlWorkflow0[Missing Bundle] levlWorkflowState0[Missing Bundle] _predictorManager[Unsatisfied reference for componentManager] scheduler0[Unsatisfied reference for componentManager]|State:FAULT: A configured OpenEMS Component was not activated] _sum[State:Fault Ess SoC:90 % Grid:-7137 W Production:8000 W Consumption:863 W] ess0[SoC:90 %|L:UNDEFINED|Allowed:-10000;10000 W] meterConsumption[863 W] meterGrid[-7137 W] meterProduction[8000 W]
levlWorkflow0] Activate Levl.Workflow
levlWorkflow0' to Component Apis.
levlWorkflow0' from Component Apis.
levlWorkflow0] Deactivate Levl.Workflow
levlWorkflow0] Activate Levl.Workflow
levlWorkflow0' to Component Apis.
levlWorkflow0[ActualDischargePowerW:UNDEFINED|LevlDischargePowerW:UNDEFINED|PrimaryUseCaseDischargePowerW:UNDEFINED|RealizedDischargePowerW:UNDEFINED] meterConsumption[769 W] meterGrid[-7231 W] meterProduction[8000 W]
levlWorkflow0[ActualDischargePowerW:2769 W|LevlDischargePowerW:2769 W|PrimaryUseCaseDischargePowerW:0 W|RealizedDischargePowerW:0 W] meterConsumption[688 W] meterGrid[-10081 W] meterProduction[8000 W]
levlWorkflow0[ActualDischargePowerW:2688 W|LevlDischargePowerW:2688 W|PrimaryUseCaseDischargePowerW:0 W|RealizedDischargePowerW:0 W] meterConsumption[624 W] meterGrid[-10064 W] meterProduction[8000 W]
levlWorkflow0[ActualDischargePowerW:2624 W|LevlDischargePowerW:2624 W|PrimaryUseCaseDischargePowerW:0 W|RealizedDischargePowerW:0 W] meterConsumption[580 W] meterGrid[-10044 W] meterProduction[8000 W]
levlWorkflow0[ActualDischargePowerW:2580 W|LevlDischargePowerW:2580 W|PrimaryUseCaseDischargePowerW:0 W|RealizedDischargePowerW:0 W] meterConsumption[552 W] meterGrid[-10028 W] meterProduction[8000 W]
levlWorkflow0[ActualDischargePowerW:2552 W|LevlDischargePowerW:2552 W|PrimaryUseCaseDischargePowerW:0 W|RealizedDischargePowerW:0 W] meterConsumption[536 W] meterGrid[-10016 W] meterProduction[8000 W]
levlWorkflow0[ActualDischargePowerW:2536 W|LevlDischargePowerW:2536 W|PrimaryUseCaseDischargePowerW:0 W|RealizedDischargePowerW:0 W] meterConsumption[524 W] meterGrid[-10012 W] meterProduction[8000 W]
levlWorkflow0[ActualDischargePowerW:2524 W|LevlDischargePowerW:2524 W|PrimaryUseCaseDischargePowerW:0 W|RealizedDischargePowerW:0 W] meterConsumption[513 W] meterGrid[-10011 W] meterProduction[8000 W]
levlWorkflow0[ActualDischargePowerW:2513 W|LevlDischargePowerW:2513 W|PrimaryUseCaseDischargePowerW:0 W|RealizedDischargePowerW:0 W] meterConsumption[502 W] meterGrid[-10011 W] meterProduction[8000 W]
