org.ops4j.pax.logging.pax-logging-api [org.ops4j.pax.logging.internal.Activator] INFO : Enabling Java Util Logging API support.
org.ops4j.pax.logging.pax-logging-api [org.ops4j.pax.logging.internal.Activator] INFO : Enabling SLF4J API support.
org.ops4j.pax.logging.pax-logging-api [org.ops4j.pax.logging.internal.Activator] INFO : Enabling Apache Commons Logging API support.
org.ops4j.pax.logging.pax-logging-api [org.ops4j.pax.logging.internal.Activator] INFO : Enabling JULI Logger API support.
org.ops4j.pax.logging.pax-logging-api [org.ops4j.pax.logging.internal.Activator] INFO : Enabling Avalon Logger API support.
org.ops4j.pax.logging.pax-logging-api [org.ops4j.pax.logging.internal.Activator] INFO : Enabling JBoss Logging API support.
org.ops4j.pax.logging.pax-logging-api [org.ops4j.pax.logging.internal.Activator] INFO : Enabling Log4J v1 API support.
org.ops4j.pax.logging.pax-logging-api [org.ops4j.pax.logging.internal.Activator] INFO : Enabling Log4J v2 API support.
org.ops4j.pax.logging.pax-logging-api [log4j2] INFO : Initializing Log4j2 using default configuration
org.ops4j.pax.logging.pax-logging-api [log4j2] INFO : Scanning for classes in '/org/ops4j/pax/logging/log4j2/internal/bridges/' matching criteria annotated with @Plugin
org.ops4j.pax.logging.pax-logging-api [log4j2] INFO : Scanning for classes in '/org/apache/logging/log4j/layout/template/json/' matching criteria annotated with @Plugin
org.ops4j.pax.logging.pax-logging-api [log4j2] INFO : Scanning for classes in '/org/apache/logging/log4j/layout/template/json/resolver/' matching criteria annotated with @Plugin
org.ops4j.pax.logging.pax-logging-api [log4j2] INFO : Scanning for classes in '/org/apache/logging/log4j/layout/template/json/util/' matching criteria annotated with @Plugin
org.ops4j.pax.logging.pax-logging-api [log4j2] INFO : Log4J2 configured using default configuration.
org.ops4j.pax.logging.pax-logging-log4j2 [org.ops4j.pax.logging.spi.support.EventAdminConfigurationNotifier] INFO : Sending Event Admin notification (configuration successful) to org/ops4j/pax/logging/Configuration
org.ops4j.pax.logging.pax-logging-api [log4j2] INFO : Log4J2 configured using configuration from passed properties
2024-08-28T18:40:15,102 [ogging])] INFO  [ventAdminConfigurationNotifier] Sending Event Admin notification (configuration successful) to org/ops4j/pax/logging/Configuration
2024-08-28T18:40:15,336 [artLevel] INFO  [onent.AbstractOpenemsComponent] [ctrlDebugLog0] Activate Controller.Debug.Log
2024-08-28T18:40:15,548 [artLevel] INFO  [onent.AbstractOpenemsComponent] [_power] Activate Ess.Power
2024-08-28T18:40:15,572 [artLevel] INFO  [onent.AbstractOpenemsComponent] [_evcsSlowPowerIncreaseFilter] Activate Evcs.SlowPowerIncreaseFilter
2024-08-28T18:40:15,711 [artLevel] INFO  [onent.AbstractOpenemsComponent] [meterGrid] Activate Simulator.GridMeter.Reacting
2024-08-28T18:40:15,873 [artLevel] INFO  [onent.AbstractOpenemsComponent] [_host] Activate Core.Host
2024-08-28T18:40:15,881 [artLevel] INFO  [onent.AbstractOpenemsComponent] [_meta] Activate Core.Meta
2024-08-28T18:40:15,944 [artLevel] INFO  [rg.eclipse.jetty.server.Server] jetty-11.0.22; built: 2024-06-27T16:27:26.756Z; git: e711d4c7040cb1e61aa68cb248fa7280b734a3bb; jvm 17.0.12+7-Ubuntu-1ubuntu222.04
2024-08-28T18:40:15,975 [artLevel] INFO  [ession.DefaultSessionIdManager] Session workerName=node0
2024-08-28T18:40:15,988 [artLevel] INFO  [.server.handler.ContextHandler] Started o.e.j.s.ServletContextHandler@7150fc23{/,null,AVAILABLE}
2024-08-28T18:40:15,990 [artLevel] INFO  [rg.eclipse.jetty.server.Server] Started Server@6abd2c2d{STARTING}[11.0.22,sto=0] @4181ms
2024-08-28T18:40:16,033 [artLevel] INFO  [jetty.server.AbstractConnector] Started ServerConnector@5b1b4bd2{HTTP/1.1, (http/1.1)}{0.0.0.0:8080}
2024-08-28T18:40:16,035 [artLevel] INFO  [org.apache.felix.http         ] Started Jetty 11.0.22 at port(s) HTTP:8080 on context path / [minThreads=8,maxThreads=200,acceptors=2,selectors=8]
2024-08-28T18:40:16,114 [artLevel] INFO  [onent.AbstractOpenemsComponent] [_componentManager] Activate Core.ComponentManager
2024-08-28T18:40:16,128 [artLevel] INFO  [onent.AbstractOpenemsComponent] [datasourceConsumption] Activate Simulator.Datasource.CSV.Predefined
2024-08-28T18:40:16,140 [artLevel] INFO  [onent.AbstractOpenemsComponent] [meterConsumption] Activate Simulator.NRCMeter.Acting
2024-08-28T18:40:16,158 [artLevel] INFO  [onent.AbstractOpenemsComponent] [datasourceProduction] Activate Simulator.Datasource.Single.Direct
2024-08-28T18:40:16,167 [artLevel] INFO  [onent.AbstractOpenemsComponent] [meterProduction] Activate Simulator.ProductionMeter.Acting
2024-08-28T18:40:16,187 [artLevel] INFO  [onent.AbstractOpenemsComponent] [ess0] Activate Simulator.EssSymmetric.Reacting
2024-08-28T18:40:16,384 [artLevel] INFO  [onent.AbstractOpenemsComponent] [_appManager] Activate Core.AppManager
2024-08-28T18:40:16,422 [artLevel] INFO  [onent.AbstractOpenemsComponent] [_predictorManager] Activate Core.PredictorManager
2024-08-28T18:40:16,438 [artLevel] INFO  [onent.AbstractOpenemsComponent] [_sum] Activate Core.Sum
2024-08-28T18:40:16,465 [artLevel] INFO  [onent.AbstractOpenemsComponent] [_energy] Activate Core.Energy
2024-08-28T18:40:16,539 [.Energy)] INFO  [onent.AbstractOpenemsComponent] [_energy] Modified Core.Energy
2024-08-28T18:40:16,542 [_energy ] INFO  [dge.energy.optimizer.Optimizer] # Start next run of Optimizer
2024-08-28T18:40:16,545 [_energy ] INFO  [dge.energy.optimizer.Optimizer] # Stuck trying to get Params. TimeOfUseTariff is not available
2024-08-28T18:40:16,548 [artLevel] INFO  [onent.AbstractOpenemsComponent] [_cycle] Activate Core.Cycle
2024-08-28T18:40:16,557 [artLevel] INFO  [onent.AbstractOpenemsComponent] [scheduler0] Activate Scheduler.AllAlphabetically
2024-08-28T18:40:16,581 [artLevel] INFO  [andler.ComponentRequestHandler] Added '_host' to Component Apis.
2024-08-28T18:40:16,603 [artLevel] INFO  [andler.ComponentRequestHandler] Added '_componentManager' to Component Apis.
2024-08-28T18:40:16,620 [artLevel] INFO  [andler.ComponentRequestHandler] Added '_appManager' to Component Apis.
2024-08-28T18:40:16,621 [artLevel] INFO  [andler.ComponentRequestHandler] Added '_energy' to Component Apis.
2024-08-28T18:40:16,632 [artLevel] INFO  [onent.AbstractOpenemsComponent] [ctrlApiRest0] Activate Controller.Api.Rest.ReadWrite
2024-08-28T18:40:16,637 [artLevel] INFO  [rg.eclipse.jetty.server.Server] jetty-11.0.22; built: 2024-06-27T16:27:26.756Z; git: e711d4c7040cb1e61aa68cb248fa7280b734a3bb; jvm 17.0.12+7-Ubuntu-1ubuntu222.04
2024-08-28T18:40:16,642 [artLevel] INFO  [jetty.server.AbstractConnector] Started ServerConnector@7409185e{HTTP/1.1, (http/1.1)}{0.0.0.0:8085}
2024-08-28T18:40:16,643 [artLevel] INFO  [rg.eclipse.jetty.server.Server] Started Server@27698fef{STARTING}[11.0.22,sto=0] @4834ms
2024-08-28T18:40:16,644 [artLevel] INFO  [.ControllerApiRestReadOnlyImpl] [ctrlApiRest0] REST-Api Read-Write started on port [8085].
2024-08-28T18:40:16,657 [artLevel] INFO  [org.apache.felix.webconsole   ] org.apache.felix.webconsole.internal.compendium.PreferencesConfigurationPrinter not enabled. Reason: Class org/osgi/service/prefs/BackingStoreException missing
2024-08-28T18:40:16,669 [_cycle  ] INFO  [ebuglog.ControllerDebugLogImpl] [ctrlDebugLog0] _componentManager[Defective:ctrlLevlBalancing0[Missing Bundle] levlWorkflow0[Missing Bundle]|State:FAULT: A configured OpenEMS Component was not activated] _sum[State:Fault Ess SoC:89 % Grid:-2137 W Production:3000 W Consumption:863 W] ess0[SoC:89 %|L:UNDEFINED|Allowed:-10000;10000 W] meterConsumption[863 W] meterGrid[-2137 W] meterProduction[3000 W]
2024-08-28T18:40:16,685 [artLevel] INFO  [org.apache.felix.webconsole   ] Servlet 3 bridge enabled
2024-08-28T18:40:16,753 [artLevel] INFO  [onent.AbstractOpenemsComponent] [levlWorkflow0] Activate Levl.Workflow
2024-08-28T18:40:16,755 [artLevel] INFO  [andler.ComponentRequestHandler] Added 'levlWorkflow0' to Component Apis.
2024-08-28T18:40:16,764 [artLevel] INFO  [onent.AbstractOpenemsComponent] [ctrlLevlBalancing0] Activate Controller.Levl.Symmetric.Balancing
2024-08-28T18:40:17,554 [_cycle  ] INFO  [r.workflow.LevlPowerCalculator] *********** remaining discharge energy Ws 0
2024-08-28T18:40:17,557 [_cycle  ] INFO  [ebuglog.ControllerDebugLogImpl] [ctrlDebugLog0] _componentManager[Defective:ctrlLevlBalancing0[Missing Bundle] levlWorkflow0[Missing Bundle]|State:FAULT: A configured OpenEMS Component was not activated] _sum[State:Fault Ess SoC:89 %|L:0 W Grid:-2231 W Production:3000 W Consumption:769 W] ess0[SoC:89 %|L:0 W|Allowed:-10000;10000 W] levlWorkflow0[ActualDischargePowerW:UNDEFINED|LevlDischargePowerW:UNDEFINED|PrimaryUseCaseDischargePowerW:UNDEFINED|RealizedDischargePowerW:UNDEFINED] meterConsumption[769 W] meterGrid[-2231 W] meterProduction[3000 W]
2024-08-28T18:40:18,553 [_cycle  ] INFO  [r.workflow.LevlPowerCalculator] *********** remaining discharge energy Ws 0
2024-08-28T18:40:18,567 [_cycle  ] INFO  [ebuglog.ControllerDebugLogImpl] [ctrlDebugLog0] _componentManager[Defective:ctrlLevlBalancing0[Missing Bundle] levlWorkflow0[Missing Bundle]|State:FAULT: A configured OpenEMS Component was not activated] _sum[State:Fault Ess SoC:89 %|L:-2231 W Grid:-81 W Production:3000 W Consumption:688 W] ess0[SoC:89 %|L:-2231 W|Allowed:-10000;10000 W] levlWorkflow0[ActualDischargePowerW:-2231 W|LevlDischargePowerW:0 W|PrimaryUseCaseDischargePowerW:-2231 W|RealizedDischargePowerW:0 W] meterConsumption[688 W] meterGrid[-81 W] meterProduction[3000 W]
2024-08-28T18:40:19,553 [_cycle  ] INFO  [r.workflow.LevlPowerCalculator] *********** remaining discharge energy Ws 0
2024-08-28T18:40:19,555 [_cycle  ] INFO  [ebuglog.ControllerDebugLogImpl] [ctrlDebugLog0] _componentManager[Defective:ctrlLevlBalancing0[Missing Bundle] levlWorkflow0[Missing Bundle]|State:FAULT: A configured OpenEMS Component was not activated] _sum[State:Fault Ess SoC:89 %|L:-2312 W Grid:-64 W Production:3000 W Consumption:624 W] ess0[SoC:89 %|L:-2312 W|Allowed:-10000;10000 W] levlWorkflow0[ActualDischargePowerW:-2312 W|LevlDischargePowerW:0 W|PrimaryUseCaseDischargePowerW:-2312 W|RealizedDischargePowerW:0 W] meterConsumption[624 W] meterGrid[-64 W] meterProduction[3000 W]
2024-08-28T18:40:19,854 [9379-100] INFO  [edge.core.user.UserServiceImpl] Authentication successful with password only for user [Admin].
2024-08-28T18:40:19,857 [9379-100] INFO  [ontroller.api.rest.RestHandler] [ctrlApiRest0] REST/JsonRpc call by User [Admin]: {"method":"componentJsonApi","params":{"componentId":"levlWorkflow0","payload":{"method":"sendLev...
2024-08-28T18:40:19,864 [9379-100] INFO  [roller.workflow.DischargeState] Received new levl request: DischargeRequest{requestId='req-2023-01-02 15:00:00 +0000 UTC', requestTimestamp=2023-01-02 15:00:00 +0000 UTC, dischargeEnergyWs=2250000000, influenceSellToGrid=true, start=2024-08-28T18:40:19.860164225, deadline=2024-08-28T18:55:09.860164225, active=true}
2024-08-28T18:40:20,553 [_cycle  ] INFO  [roller.workflow.DischargeState] Starting levl request: DischargeRequest{requestId='req-2023-01-02 15:00:00 +0000 UTC', requestTimestamp=2023-01-02 15:00:00 +0000 UTC, dischargeEnergyWs=2250000000, influenceSellToGrid=true, start=2024-08-28T18:40:19.860164225, deadline=2024-08-28T18:55:09.860164225, active=true}
2024-08-28T18:40:20,554 [_cycle  ] INFO  [r.workflow.LevlPowerCalculator] *********** remaining discharge energy Ws 2250000000
2024-08-28T18:40:20,557 [_cycle  ] INFO  [ebuglog.ControllerDebugLogImpl] [ctrlDebugLog0] _componentManager[Defective:ctrlLevlBalancing0[Missing Bundle] levlWorkflow0[Missing Bundle]|State:FAULT: A configured OpenEMS Component was not activated] _sum[State:Fault Ess SoC:89 %|L:-2376 W Grid:-44 W Production:3000 W Consumption:580 W] ess0[SoC:89 %|L:-2376 W|Allowed:-10000;10000 W] levlWorkflow0[ActualDischargePowerW:-2376 W|LevlDischargePowerW:0 W|PrimaryUseCaseDischargePowerW:-2376 W|RealizedDischargePowerW:0 W] meterConsumption[580 W] meterGrid[-44 W] meterProduction[3000 W]
2024-08-28T18:40:20,562 [_cycle  ] INFO  [enems.edge.ess.power.api.Power] [Channel [SetActivePowerEquals]] reducing requested [97536 W] to maximum power [10000 W] for [ess0P]
2024-08-28T18:40:21,552 [_cycle  ] INFO  [r.workflow.LevlPowerCalculator] *********** remaining discharge energy Ws 2249987580
2024-08-28T18:40:21,555 [_cycle  ] INFO  [ebuglog.ControllerDebugLogImpl] [ctrlDebugLog0] _componentManager[Defective:ctrlLevlBalancing0[Missing Bundle] levlWorkflow0[Missing Bundle]|State:FAULT: A configured OpenEMS Component was not activated] _sum[State:Fault Ess SoC:89 %|L:10000 W Grid:-12448 W Production:3000 W Consumption:552 W] ess0[SoC:89 %|L:10000 W|Allowed:-10000;10000 W] levlWorkflow0[ActualDischargePowerW:10000 W|LevlDischargePowerW:12420 W|PrimaryUseCaseDischargePowerW:-2420 W|RealizedDischargePowerW:0 W] meterConsumption[552 W] meterGrid[-12448 W] meterProduction[3000 W]
2024-08-28T18:40:21,556 [_cycle  ] INFO  [enems.edge.ess.power.api.Power] [Channel [SetActivePowerEquals]] reducing requested [97524 W] to maximum power [10000 W] for [ess0P]
2024-08-28T18:40:22,553 [_cycle  ] INFO  [r.workflow.LevlPowerCalculator] *********** remaining discharge energy Ws 2249975132
2024-08-28T18:40:22,555 [_cycle  ] INFO  [ebuglog.ControllerDebugLogImpl] [ctrlDebugLog0] _sum[State:Ok Ess SoC:89 %|L:10000 W Grid:-12464 W Production:3000 W Consumption:536 W] ess0[SoC:89 %|L:10000 W|Allowed:-10000;10000 W] levlWorkflow0[ActualDischargePowerW:10000 W|LevlDischargePowerW:12448 W|PrimaryUseCaseDischargePowerW:-2448 W|RealizedDischargePowerW:0 W] meterConsumption[536 W] meterGrid[-12464 W] meterProduction[3000 W]
2024-08-28T18:40:22,557 [_cycle  ] INFO  [enems.edge.ess.power.api.Power] [Channel [SetActivePowerEquals]] reducing requested [97520 W] to maximum power [10000 W] for [ess0P]
2024-08-28T18:40:23,553 [_cycle  ] INFO  [r.workflow.LevlPowerCalculator] *********** remaining discharge energy Ws 2249962668
2024-08-28T18:40:23,555 [_cycle  ] INFO  [ebuglog.ControllerDebugLogImpl] [ctrlDebugLog0] _sum[State:Ok Ess SoC:89 %|L:10000 W Grid:-12476 W Production:3000 W Consumption:524 W] ess0[SoC:89 %|L:10000 W|Allowed:-10000;10000 W] levlWorkflow0[ActualDischargePowerW:10000 W|LevlDischargePowerW:12464 W|PrimaryUseCaseDischargePowerW:-2464 W|RealizedDischargePowerW:0 W] meterConsumption[524 W] meterGrid[-12476 W] meterProduction[3000 W]
2024-08-28T18:40:23,556 [_cycle  ] INFO  [enems.edge.ess.power.api.Power] [Channel [SetActivePowerEquals]] reducing requested [97512 W] to maximum power [10000 W] for [ess0P]
2024-08-28T18:40:24,566 [_cycle  ] INFO  [r.workflow.LevlPowerCalculator] *********** remaining discharge energy Ws 2249950192
2024-08-28T18:40:24,567 [_cycle  ] INFO  [ebuglog.ControllerDebugLogImpl] [ctrlDebugLog0] _sum[State:Ok Ess SoC:89 %|L:10000 W Grid:-12487 W Production:3000 W Consumption:513 W] ess0[SoC:89 %|L:10000 W|Allowed:-10000;10000 W] levlWorkflow0[ActualDischargePowerW:10000 W|LevlDischargePowerW:12476 W|PrimaryUseCaseDischargePowerW:-2476 W|RealizedDischargePowerW:0 W] meterConsumption[513 W] meterGrid[-12487 W] meterProduction[3000 W]
2024-08-28T18:40:24,568 [_cycle  ] INFO  [enems.edge.ess.power.api.Power] [Channel [SetActivePowerEquals]] reducing requested [97502 W] to maximum power [10000 W] for [ess0P]
2024-08-28T18:40:25,554 [_cycle  ] INFO  [r.workflow.LevlPowerCalculator] *********** remaining discharge energy Ws 2249937705
2024-08-28T18:40:25,555 [_cycle  ] INFO  [ebuglog.ControllerDebugLogImpl] [ctrlDebugLog0] _sum[State:Ok Ess SoC:89 %|L:10000 W Grid:-12498 W Production:3000 W Consumption:502 W] ess0[SoC:89 %|L:10000 W|Allowed:-10000;10000 W] levlWorkflow0[ActualDischargePowerW:10000 W|LevlDischargePowerW:12487 W|PrimaryUseCaseDischargePowerW:-2487 W|RealizedDischargePowerW:0 W] meterConsumption[502 W] meterGrid[-12498 W] meterProduction[3000 W]
2024-08-28T18:40:25,557 [_cycle  ] INFO  [enems.edge.ess.power.api.Power] [Channel [SetActivePowerEquals]] reducing requested [97491 W] to maximum power [10000 W] for [ess0P]
