levlWorkflow0[Missing Bundle] levlWorkflowState0[Missing Bundle]|State:FAULT: A configured OpenEMS Component was not activated] _sum[State:Fault Ess SoC:10 % Grid:7000 W Production:1000 W Consumption:8000 W] ess0[SoC:10 %|L:UNDEFINED|Allowed:-10000;10000 W] meterConsumption[8000 W] meterGrid[7000 W] meterProduction[1000 W]
levlWorkflow0] Activate Levl.Workflow
levlWorkflow0' to Component Apis.
levlWorkflow0' from Component Apis.
levlWorkflow0] Deactivate Levl.Workflow
levlWorkflow0] Activate Levl.Workflow
levlWorkflow0' to Component Apis.
levlWorkflow0[ActualDischargePowerW:UNDEFINED|LevlDischargePowerW:UNDEFINED|PrimaryUseCaseDischargePowerW:UNDEFINED|RealizedDischargePowerW:UNDEFINED] meterConsumption[8000 W] meterGrid[7000 W] meterProduction[1000 W]
levlWorkflow0[ActualDischargePowerW:7000 W|LevlDischargePowerW:0 W|PrimaryUseCaseDischargePowerW:7000 W|RealizedDischargePowerW:0 W] meterConsumption[8000 W] meterGrid[0 W] meterProduction[1000 W]
levlWorkflow0[ActualDischargePowerW:7000 W|LevlDischargePowerW:0 W|PrimaryUseCaseDischargePowerW:7000 W|RealizedDischargePowerW:0 W] meterConsumption[8000 W] meterGrid[0 W] meterProduction[1000 W]
levlWorkflow0[ActualDischargePowerW:7000 W|LevlDischargePowerW:0 W|PrimaryUseCaseDischargePowerW:7000 W|RealizedDischargePowerW:0 W] meterConsumption[8000 W] meterGrid[0 W] meterProduction[1000 W]
levlWorkflow0[ActualDischargePowerW:7000 W|LevlDischargePowerW:0 W|PrimaryUseCaseDischargePowerW:7000 W|RealizedDischargePowerW:0 W] meterConsumption[8000 W] meterGrid[0 W] meterProduction[1000 W]
levlWorkflow0[ActualDischargePowerW:7000 W|LevlDischargePowerW:0 W|PrimaryUseCaseDischargePowerW:7000 W|RealizedDischargePowerW:0 W] meterConsumption[8000 W] meterGrid[0 W] meterProduction[1000 W]
levlWorkflow0[ActualDischargePowerW:7000 W|LevlDischargePowerW:0 W|PrimaryUseCaseDischargePowerW:7000 W|RealizedDischargePowerW:0 W] meterConsumption[8000 W] meterGrid[0 W] meterProduction[1000 W]
levlWorkflow0[ActualDischargePowerW:7000 W|LevlDischargePowerW:0 W|PrimaryUseCaseDischargePowerW:7000 W|RealizedDischargePowerW:0 W] meterConsumption[8000 W] meterGrid[0 W] meterProduction[1000 W]
levlWorkflow0[ActualDischargePowerW:7000 W|LevlDischargePowerW:0 W|PrimaryUseCaseDischargePowerW:7000 W|RealizedDischargePowerW:0 W] meterConsumption[8000 W] meterGrid[0 W] meterProduction[1000 W]
