org.ops4j.pax.logging.pax-logging-api [org.ops4j.pax.logging.internal.Activator] INFO : Enabling Java Util Logging API support.
org.ops4j.pax.logging.pax-logging-api [org.ops4j.pax.logging.internal.Activator] INFO : Enabling SLF4J API support.
org.ops4j.pax.logging.pax-logging-api [org.ops4j.pax.logging.internal.Activator] INFO : Enabling Apache Commons Logging API support.
org.ops4j.pax.logging.pax-logging-api [org.ops4j.pax.logging.internal.Activator] INFO : Enabling JULI Logger API support.
org.ops4j.pax.logging.pax-logging-api [org.ops4j.pax.logging.internal.Activator] INFO : Enabling Avalon Logger API support.
org.ops4j.pax.logging.pax-logging-api [org.ops4j.pax.logging.internal.Activator] INFO : Enabling JBoss Logging API support.
org.ops4j.pax.logging.pax-logging-api [org.ops4j.pax.logging.internal.Activator] INFO : Enabling Log4J v1 API support.
org.ops4j.pax.logging.pax-logging-api [org.ops4j.pax.logging.internal.Activator] INFO : Enabling Log4J v2 API support.
org.ops4j.pax.logging.pax-logging-api [log4j2] INFO : Initializing Log4j2 using default configuration
org.ops4j.pax.logging.pax-logging-api [log4j2] INFO : Scanning for classes in '/org/ops4j/pax/logging/log4j2/internal/bridges/' matching criteria annotated with @Plugin
org.ops4j.pax.logging.pax-logging-api [log4j2] INFO : Scanning for classes in '/org/apache/logging/log4j/layout/template/json/' matching criteria annotated with @Plugin
org.ops4j.pax.logging.pax-logging-api [log4j2] INFO : Scanning for classes in '/org/apache/logging/log4j/layout/template/json/resolver/' matching criteria annotated with @Plugin
org.ops4j.pax.logging.pax-logging-api [log4j2] INFO : Scanning for classes in '/org/apache/logging/log4j/layout/template/json/util/' matching criteria annotated with @Plugin
org.ops4j.pax.logging.pax-logging-api [log4j2] INFO : Log4J2 configured using default configuration.
org.ops4j.pax.logging.pax-logging-log4j2 [org.ops4j.pax.logging.spi.support.EventAdminConfigurationNotifier] INFO : Sending Event Admin notification (configuration successful) to org/ops4j/pax/logging/Configuration
org.ops4j.pax.logging.pax-logging-api [log4j2] INFO : Log4J2 configured using configuration from passed properties
2024-08-28T18:42:47,096 [ogging])] INFO  [ventAdminConfigurationNotifier] Sending Event Admin notification (configuration successful) to org/ops4j/pax/logging/Configuration
2024-08-28T18:42:47,096 [artLevel] INFO  [enems.edge.application.EdgeApp] ==================================
2024-08-28T18:42:47,101 [artLevel] INFO  [enems.edge.application.EdgeApp] OpenEMS version [2024.8.0] started
2024-08-28T18:42:47,102 [artLevel] INFO  [enems.edge.application.EdgeApp] ==================================
2024-08-28T18:42:47,354 [artLevel] INFO  [onent.AbstractOpenemsComponent] [ctrlDebugLog0] Activate Controller.Debug.Log
2024-08-28T18:42:47,554 [artLevel] INFO  [onent.AbstractOpenemsComponent] [_power] Activate Ess.Power
2024-08-28T18:42:47,574 [artLevel] INFO  [onent.AbstractOpenemsComponent] [_evcsSlowPowerIncreaseFilter] Activate Evcs.SlowPowerIncreaseFilter
2024-08-28T18:42:47,696 [artLevel] INFO  [onent.AbstractOpenemsComponent] [meterGrid] Activate Simulator.GridMeter.Reacting
2024-08-28T18:42:47,795 [artLevel] INFO  [onent.AbstractOpenemsComponent] [_host] Activate Core.Host
2024-08-28T18:42:47,804 [artLevel] INFO  [onent.AbstractOpenemsComponent] [_meta] Activate Core.Meta
2024-08-28T18:42:47,873 [artLevel] INFO  [rg.eclipse.jetty.server.Server] jetty-11.0.22; built: 2024-06-27T16:27:26.756Z; git: e711d4c7040cb1e61aa68cb248fa7280b734a3bb; jvm 17.0.12+7-Ubuntu-1ubuntu222.04
2024-08-28T18:42:47,906 [artLevel] INFO  [ession.DefaultSessionIdManager] Session workerName=node0
2024-08-28T18:42:47,919 [artLevel] INFO  [.server.handler.ContextHandler] Started o.e.j.s.ServletContextHandler@70352763{/,null,AVAILABLE}
2024-08-28T18:42:47,922 [artLevel] INFO  [rg.eclipse.jetty.server.Server] Started Server@3e38d508{STARTING}[11.0.22,sto=0] @4090ms
2024-08-28T18:42:47,966 [artLevel] INFO  [jetty.server.AbstractConnector] Started ServerConnector@63721481{HTTP/1.1, (http/1.1)}{0.0.0.0:8080}
2024-08-28T18:42:47,968 [artLevel] INFO  [org.apache.felix.http         ] Started Jetty 11.0.22 at port(s) HTTP:8080 on context path / [minThreads=8,maxThreads=200,acceptors=2,selectors=8]
2024-08-28T18:42:48,042 [artLevel] INFO  [onent.AbstractOpenemsComponent] [_componentManager] Activate Core.ComponentManager
2024-08-28T18:42:48,052 [artLevel] INFO  [onent.AbstractOpenemsComponent] [datasourceConsumption] Activate Simulator.Datasource.CSV.Predefined
2024-08-28T18:42:48,064 [artLevel] INFO  [onent.AbstractOpenemsComponent] [meterConsumption] Activate Simulator.NRCMeter.Acting
2024-08-28T18:42:48,078 [artLevel] INFO  [onent.AbstractOpenemsComponent] [datasourceProduction] Activate Simulator.Datasource.Single.Direct
2024-08-28T18:42:48,089 [artLevel] INFO  [onent.AbstractOpenemsComponent] [meterProduction] Activate Simulator.ProductionMeter.Acting
2024-08-28T18:42:48,107 [artLevel] INFO  [onent.AbstractOpenemsComponent] [ess0] Activate Simulator.EssSymmetric.Reacting
2024-08-28T18:42:48,303 [artLevel] INFO  [onent.AbstractOpenemsComponent] [_appManager] Activate Core.AppManager
2024-08-28T18:42:48,341 [artLevel] INFO  [onent.AbstractOpenemsComponent] [_predictorManager] Activate Core.PredictorManager
2024-08-28T18:42:48,354 [artLevel] INFO  [onent.AbstractOpenemsComponent] [_sum] Activate Core.Sum
2024-08-28T18:42:48,364 [artLevel] INFO  [onent.AbstractOpenemsComponent] [_cycle] Activate Core.Cycle
2024-08-28T18:42:48,395 [artLevel] INFO  [onent.AbstractOpenemsComponent] [scheduler0] Activate Scheduler.AllAlphabetically
2024-08-28T18:42:48,421 [artLevel] INFO  [onent.AbstractOpenemsComponent] [_energy] Activate Core.Energy
2024-08-28T18:42:48,472 [.Energy)] INFO  [onent.AbstractOpenemsComponent] [_energy] Modified Core.Energy
2024-08-28T18:42:48,474 [_energy ] INFO  [dge.energy.optimizer.Optimizer] # Start next run of Optimizer
2024-08-28T18:42:48,478 [_energy ] INFO  [dge.energy.optimizer.Optimizer] # Stuck trying to get Params. TimeOfUseTariff is not available
2024-08-28T18:42:48,492 [artLevel] INFO  [andler.ComponentRequestHandler] Added '_host' to Component Apis.
2024-08-28T18:42:48,513 [artLevel] INFO  [andler.ComponentRequestHandler] Added '_componentManager' to Component Apis.
2024-08-28T18:42:48,531 [artLevel] INFO  [andler.ComponentRequestHandler] Added '_appManager' to Component Apis.
2024-08-28T18:42:48,533 [artLevel] INFO  [andler.ComponentRequestHandler] Added '_energy' to Component Apis.
2024-08-28T18:42:48,546 [artLevel] INFO  [onent.AbstractOpenemsComponent] [ctrlApiRest0] Activate Controller.Api.Rest.ReadWrite
2024-08-28T18:42:48,551 [artLevel] INFO  [rg.eclipse.jetty.server.Server] jetty-11.0.22; built: 2024-06-27T16:27:26.756Z; git: e711d4c7040cb1e61aa68cb248fa7280b734a3bb; jvm 17.0.12+7-Ubuntu-1ubuntu222.04
2024-08-28T18:42:48,558 [artLevel] INFO  [jetty.server.AbstractConnector] Started ServerConnector@10ecb05{HTTP/1.1, (http/1.1)}{0.0.0.0:8085}
2024-08-28T18:42:48,559 [artLevel] INFO  [rg.eclipse.jetty.server.Server] Started Server@281e496b{STARTING}[11.0.22,sto=0] @4727ms
2024-08-28T18:42:48,560 [artLevel] INFO  [.ControllerApiRestReadOnlyImpl] [ctrlApiRest0] REST-Api Read-Write started on port [8085].
2024-08-28T18:42:48,576 [artLevel] INFO  [org.apache.felix.webconsole   ] org.apache.felix.webconsole.internal.compendium.PreferencesConfigurationPrinter not enabled. Reason: Class org/osgi/service/prefs/BackingStoreException missing
2024-08-28T18:42:48,580 [_cycle  ] INFO  [ebuglog.ControllerDebugLogImpl] [ctrlDebugLog0] _componentManager[Defective:null[Unsatisfied reference for $000,$003,$004] _sum[Unsatisfied reference for componentManager] ctrlApiRest0[Unsatisfied reference for componentManager] _cycle[Unsatisfied reference for componentManager,sumComponent] _appManager[Unsatisfied reference for appValidateWorker,backendUtil,componentManager,componentUtil,csoAppManagerAppHelper] ess0[Unsatisfied reference for componentManager] datasourceProduction[Unsatisfied reference for componentManager] meterProduction[Unsatisfied reference for datasource ((&(enabled=true)(!(service.pid=Simulator.ProductionMeter.Acting.0643464b-efb0-4449-b551-c3b3163c07ef))(|(id=datasourceProduction))))] ctrlLevlBalancing0[Missing Bundle] levlWorkflow0[Missing Bundle] levlWorkflowState0[Missing Bundle] _predictorManager[Unsatisfied reference for componentManager] scheduler0[Unsatisfied reference for componentManager]|State:FAULT: A configured OpenEMS Component was not activated] _sum[State:Fault Ess SoC:91 % Grid:-137 W Production:1000 W Consumption:863 W] ess0[SoC:91 %|L:UNDEFINED|Allowed:-10000;10000 W] meterConsumption[863 W] meterGrid[-137 W] meterProduction[1000 W]
2024-08-28T18:42:48,611 [artLevel] INFO  [org.apache.felix.webconsole   ] Servlet 3 bridge enabled
2024-08-28T18:42:48,674 [artLevel] INFO  [onent.AbstractOpenemsComponent] [levlWorkflow0] Activate Levl.Workflow
2024-08-28T18:42:48,703 [artLevel] INFO  [andler.ComponentRequestHandler] Added 'levlWorkflow0' to Component Apis.
2024-08-28T18:42:48,714 [artLevel] INFO  [onent.AbstractOpenemsComponent] [ctrlLevlBalancing0] Activate Controller.Levl.Symmetric.Balancing
2024-08-28T18:42:48,720 [8ab82bc)] INFO  [andler.ComponentRequestHandler] Removed 'levlWorkflow0' from Component Apis.
2024-08-28T18:42:48,723 [8ab82bc)] INFO  [onent.AbstractOpenemsComponent] [ctrlLevlBalancing0] Deactivate Controller.Levl.Symmetric.Balancing
2024-08-28T18:42:48,726 [8ab82bc)] INFO  [onent.AbstractOpenemsComponent] [levlWorkflow0] Deactivate Levl.Workflow
2024-08-28T18:42:48,729 [artLevel] INFO  [onent.AbstractOpenemsComponent] [levlWorkflowState0] Activate Levl.Workflow.State
2024-08-28T18:42:48,733 [8ab82bc)] INFO  [onent.AbstractOpenemsComponent] [levlWorkflow0] Activate Levl.Workflow
2024-08-28T18:42:48,735 [8ab82bc)] INFO  [andler.ComponentRequestHandler] Added 'levlWorkflow0' to Component Apis.
2024-08-28T18:42:48,739 [8ab82bc)] INFO  [onent.AbstractOpenemsComponent] [ctrlLevlBalancing0] Activate Controller.Levl.Symmetric.Balancing
2024-08-28T18:42:49,375 [_cycle  ] INFO  [flow.LevlWorkflowComponentImpl] ### restored state from config
2024-08-28T18:42:49,381 [_cycle  ] INFO  [roller.workflow.DischargeState] Starting levl request: DischargeRequest{requestId='next-request', requestTimestamp=, dischargeEnergyWs=900000, influenceSellToGrid=true, start=2020-12-31T23:59:59.999999999, deadline=2030-12-31T23:59:59.999999999, active=true}
2024-08-28T18:42:49,382 [_cycle  ] INFO  [r.workflow.LevlPowerCalculator] *********** remaining discharge energy Ws 900000
2024-08-28T18:42:49,385 [_cycle  ] INFO  [ebuglog.ControllerDebugLogImpl] [ctrlDebugLog0] _sum[State:Ok Ess SoC:91 %|L:0 W Grid:-231 W Production:1000 W Consumption:769 W] ess0[SoC:91 %|L:0 W|Allowed:-10000;10000 W] levlWorkflow0[ActualDischargePowerW:UNDEFINED|LevlDischargePowerW:UNDEFINED|PrimaryUseCaseDischargePowerW:UNDEFINED|RealizedDischargePowerW:UNDEFINED] meterConsumption[769 W] meterGrid[-231 W] meterProduction[1000 W]
2024-08-28T18:42:49,428 [f4d3eee)] INFO  [onent.AbstractOpenemsComponent] [levlWorkflowState0] Deactivate Levl.Workflow.State
2024-08-28T18:42:49,440 [f4d3eee)] INFO  [onent.AbstractOpenemsComponent] [levlWorkflowState0] Activate Levl.Workflow.State
2024-08-28T18:42:50,370 [_cycle  ] INFO  [r.workflow.LevlPowerCalculator] *********** remaining discharge energy Ws 899231
2024-08-28T18:42:50,373 [_cycle  ] INFO  [ebuglog.ControllerDebugLogImpl] [ctrlDebugLog0] _sum[State:Ok Ess SoC:91 %|L:538 W Grid:-850 W Production:1000 W Consumption:688 W] ess0[SoC:91 %|L:538 W|Allowed:-10000;10000 W] levlWorkflow0[ActualDischargePowerW:538 W|LevlDischargePowerW:769 W|PrimaryUseCaseDischargePowerW:-231 W|RealizedDischargePowerW:0 W] meterConsumption[688 W] meterGrid[-850 W] meterProduction[1000 W]
2024-08-28T18:42:50,399 [f4d3eee)] INFO  [onent.AbstractOpenemsComponent] [levlWorkflowState0] Deactivate Levl.Workflow.State
2024-08-28T18:42:50,401 [f4d3eee)] INFO  [onent.AbstractOpenemsComponent] [levlWorkflowState0] Activate Levl.Workflow.State
2024-08-28T18:42:51,371 [_cycle  ] INFO  [r.workflow.LevlPowerCalculator] *********** remaining discharge energy Ws 898312
2024-08-28T18:42:51,373 [_cycle  ] INFO  [ebuglog.ControllerDebugLogImpl] [ctrlDebugLog0] _sum[State:Ok Ess SoC:91 %|L:607 W Grid:-983 W Production:1000 W Consumption:624 W] ess0[SoC:91 %|L:607 W|Allowed:-10000;10000 W] levlWorkflow0[ActualDischargePowerW:607 W|LevlDischargePowerW:919 W|PrimaryUseCaseDischargePowerW:-312 W|RealizedDischargePowerW:0 W] meterConsumption[624 W] meterGrid[-983 W] meterProduction[1000 W]
2024-08-28T18:42:51,398 [f4d3eee)] INFO  [onent.AbstractOpenemsComponent] [levlWorkflowState0] Deactivate Levl.Workflow.State
2024-08-28T18:42:51,400 [f4d3eee)] INFO  [onent.AbstractOpenemsComponent] [levlWorkflowState0] Activate Levl.Workflow.State
2024-08-28T18:42:52,370 [_cycle  ] INFO  [r.workflow.LevlPowerCalculator] *********** remaining discharge energy Ws 897376
2024-08-28T18:42:52,372 [_cycle  ] INFO  [ebuglog.ControllerDebugLogImpl] [ctrlDebugLog0] _sum[State:Ok Ess SoC:91 %|L:560 W Grid:-980 W Production:1000 W Consumption:580 W] ess0[SoC:91 %|L:560 W|Allowed:-10000;10000 W] levlWorkflow0[ActualDischargePowerW:560 W|LevlDischargePowerW:936 W|PrimaryUseCaseDischargePowerW:-376 W|RealizedDischargePowerW:0 W] meterConsumption[580 W] meterGrid[-980 W] meterProduction[1000 W]
2024-08-28T18:42:52,392 [f4d3eee)] INFO  [onent.AbstractOpenemsComponent] [levlWorkflowState0] Deactivate Levl.Workflow.State
2024-08-28T18:42:52,394 [f4d3eee)] INFO  [onent.AbstractOpenemsComponent] [levlWorkflowState0] Activate Levl.Workflow.State
2024-08-28T18:42:53,371 [_cycle  ] INFO  [r.workflow.LevlPowerCalculator] *********** remaining discharge energy Ws 896420
2024-08-28T18:42:53,373 [_cycle  ] INFO  [ebuglog.ControllerDebugLogImpl] [ctrlDebugLog0] _sum[State:Ok Ess SoC:91 %|L:536 W Grid:-984 W Production:1000 W Consumption:552 W] ess0[SoC:91 %|L:536 W|Allowed:-10000;10000 W] levlWorkflow0[ActualDischargePowerW:536 W|LevlDischargePowerW:956 W|PrimaryUseCaseDischargePowerW:-420 W|RealizedDischargePowerW:0 W] meterConsumption[552 W] meterGrid[-984 W] meterProduction[1000 W]
2024-08-28T18:42:53,394 [f4d3eee)] INFO  [onent.AbstractOpenemsComponent] [levlWorkflowState0] Deactivate Levl.Workflow.State
2024-08-28T18:42:53,397 [f4d3eee)] INFO  [onent.AbstractOpenemsComponent] [levlWorkflowState0] Activate Levl.Workflow.State
2024-08-28T18:42:54,371 [_cycle  ] INFO  [r.workflow.LevlPowerCalculator] *********** remaining discharge energy Ws 895448
2024-08-28T18:42:54,373 [_cycle  ] INFO  [ebuglog.ControllerDebugLogImpl] [ctrlDebugLog0] _sum[State:Ok Ess SoC:91 %|L:524 W Grid:-988 W Production:1000 W Consumption:536 W] ess0[SoC:91 %|L:524 W|Allowed:-10000;10000 W] levlWorkflow0[ActualDischargePowerW:524 W|LevlDischargePowerW:972 W|PrimaryUseCaseDischargePowerW:-448 W|RealizedDischargePowerW:0 W] meterConsumption[536 W] meterGrid[-988 W] meterProduction[1000 W]
2024-08-28T18:42:54,394 [f4d3eee)] INFO  [onent.AbstractOpenemsComponent] [levlWorkflowState0] Deactivate Levl.Workflow.State
2024-08-28T18:42:54,396 [f4d3eee)] INFO  [onent.AbstractOpenemsComponent] [levlWorkflowState0] Activate Levl.Workflow.State
2024-08-28T18:42:55,370 [_cycle  ] INFO  [r.workflow.LevlPowerCalculator] *********** remaining discharge energy Ws 894464
2024-08-28T18:42:55,372 [_cycle  ] INFO  [ebuglog.ControllerDebugLogImpl] [ctrlDebugLog0] _sum[State:Ok Ess SoC:91 %|L:520 W Grid:-996 W Production:1000 W Consumption:524 W] ess0[SoC:91 %|L:520 W|Allowed:-10000;10000 W] levlWorkflow0[ActualDischargePowerW:520 W|LevlDischargePowerW:984 W|PrimaryUseCaseDischargePowerW:-464 W|RealizedDischargePowerW:0 W] meterConsumption[524 W] meterGrid[-996 W] meterProduction[1000 W]
2024-08-28T18:42:55,395 [f4d3eee)] INFO  [onent.AbstractOpenemsComponent] [levlWorkflowState0] Deactivate Levl.Workflow.State
2024-08-28T18:42:55,397 [f4d3eee)] INFO  [onent.AbstractOpenemsComponent] [levlWorkflowState0] Activate Levl.Workflow.State
2024-08-28T18:42:56,371 [_cycle  ] INFO  [r.workflow.LevlPowerCalculator] *********** remaining discharge energy Ws 893476
2024-08-28T18:42:56,373 [_cycle  ] INFO  [ebuglog.ControllerDebugLogImpl] [ctrlDebugLog0] _sum[State:Ok Ess SoC:91 %|L:512 W Grid:-999 W Production:1000 W Consumption:513 W] ess0[SoC:91 %|L:512 W|Allowed:-10000;10000 W] levlWorkflow0[ActualDischargePowerW:512 W|LevlDischargePowerW:988 W|PrimaryUseCaseDischargePowerW:-476 W|RealizedDischargePowerW:0 W] meterConsumption[513 W] meterGrid[-999 W] meterProduction[1000 W]
2024-08-28T18:42:56,394 [f4d3eee)] INFO  [onent.AbstractOpenemsComponent] [levlWorkflowState0] Deactivate Levl.Workflow.State
2024-08-28T18:42:56,397 [f4d3eee)] INFO  [onent.AbstractOpenemsComponent] [levlWorkflowState0] Activate Levl.Workflow.State
2024-08-28T18:42:57,370 [_cycle  ] INFO  [r.workflow.LevlPowerCalculator] *********** remaining discharge energy Ws 892487
2024-08-28T18:42:57,372 [_cycle  ] INFO  [ebuglog.ControllerDebugLogImpl] [ctrlDebugLog0] _sum[State:Ok Ess SoC:91 %|L:502 W Grid:-1000 W Production:1000 W Consumption:502 W] ess0[SoC:91 %|L:502 W|Allowed:-10000;10000 W] levlWorkflow0[ActualDischargePowerW:502 W|LevlDischargePowerW:989 W|PrimaryUseCaseDischargePowerW:-487 W|RealizedDischargePowerW:0 W] meterConsumption[502 W] meterGrid[-1000 W] meterProduction[1000 W]
2024-08-28T18:42:57,392 [f4d3eee)] INFO  [onent.AbstractOpenemsComponent] [levlWorkflowState0] Deactivate Levl.Workflow.State
2024-08-28T18:42:57,395 [f4d3eee)] INFO  [onent.AbstractOpenemsComponent] [levlWorkflowState0] Activate Levl.Workflow.State
