levlWorkflow0[Missing Bundle] levlWorkflowState0[Missing Bundle] _predictorManager[Unsatisfied reference for componentManager] scheduler0[Unsatisfied reference for componentManager]|State:FAULT: A configured OpenEMS Component was not activated] _sum[State:Fault Ess SoC:91 % Grid:-137 W Production:1000 W Consumption:863 W] ess0[SoC:91 %|L:UNDEFINED|Allowed:-10000;10000 W] meterConsumption[863 W] meterGrid[-137 W] meterProduction[1000 W]
levlWorkflow0] Activate Levl.Workflow
levlWorkflow0' to Component Apis.
levlWorkflow0' from Component Apis.
levlWorkflow0] Deactivate Levl.Workflow
levlWorkflow0] Activate Levl.Workflow
levlWorkflow0' to Component Apis.
levlWorkflow0[ActualDischargePowerW:UNDEFINED|LevlDischargePowerW:UNDEFINED|PrimaryUseCaseDischargePowerW:UNDEFINED|RealizedDischargePowerW:UNDEFINED] meterConsumption[769 W] meterGrid[-231 W] meterProduction[1000 W]
levlWorkflow0[ActualDischargePowerW:538 W|LevlDischargePowerW:769 W|PrimaryUseCaseDischargePowerW:-231 W|RealizedDischargePowerW:0 W] meterConsumption[688 W] meterGrid[-850 W] meterProduction[1000 W]
levlWorkflow0[ActualDischargePowerW:607 W|LevlDischargePowerW:919 W|PrimaryUseCaseDischargePowerW:-312 W|RealizedDischargePowerW:0 W] meterConsumption[624 W] meterGrid[-983 W] meterProduction[1000 W]
levlWorkflow0[ActualDischargePowerW:560 W|LevlDischargePowerW:936 W|PrimaryUseCaseDischargePowerW:-376 W|RealizedDischargePowerW:0 W] meterConsumption[580 W] meterGrid[-980 W] meterProduction[1000 W]
levlWorkflow0[ActualDischargePowerW:536 W|LevlDischargePowerW:956 W|PrimaryUseCaseDischargePowerW:-420 W|RealizedDischargePowerW:0 W] meterConsumption[552 W] meterGrid[-984 W] meterProduction[1000 W]
levlWorkflow0[ActualDischargePowerW:524 W|LevlDischargePowerW:972 W|PrimaryUseCaseDischargePowerW:-448 W|RealizedDischargePowerW:0 W] meterConsumption[536 W] meterGrid[-988 W] meterProduction[1000 W]
levlWorkflow0[ActualDischargePowerW:520 W|LevlDischargePowerW:984 W|PrimaryUseCaseDischargePowerW:-464 W|RealizedDischargePowerW:0 W] meterConsumption[524 W] meterGrid[-996 W] meterProduction[1000 W]
levlWorkflow0[ActualDischargePowerW:512 W|LevlDischargePowerW:988 W|PrimaryUseCaseDischargePowerW:-476 W|RealizedDischargePowerW:0 W] meterConsumption[513 W] meterGrid[-999 W] meterProduction[1000 W]
levlWorkflow0[ActualDischargePowerW:502 W|LevlDischargePowerW:989 W|PrimaryUseCaseDischargePowerW:-487 W|RealizedDischargePowerW:0 W] meterConsumption[502 W] meterGrid[-1000 W] meterProduction[1000 W]
