levlWorkflow0] Activate Levl.Workflow
levlWorkflow0' to Component Apis.
levlWorkflow0' from Component Apis.
levlWorkflow0] Deactivate Levl.Workflow
levlWorkflow0] Activate Levl.Workflow
levlWorkflow0' to Component Apis.
remaining discharge energy Ws 0
levlWorkflow0[ActualDischargePowerW:UNDEFINED|LevlDischargePowerW:UNDEFINED|PrimaryUseCaseDischargePowerW:UNDEFINED|RealizedDischargePowerW:UNDEFINED] meterConsumption[400 W] meterGrid[400 W] meterProduction[0 W]
remaining discharge energy Ws 0
levlWorkflow0[ActualDischargePowerW:0 W|LevlDischargePowerW:0 W|PrimaryUseCaseDischargePowerW:0 W|RealizedDischargePowerW:0 W] meterConsumption[500 W] meterGrid[500 W] meterProduction[0 W]
remaining discharge energy Ws 0
levlWorkflow0[ActualDischargePowerW:0 W|LevlDischargePowerW:0 W|PrimaryUseCaseDischargePowerW:0 W|RealizedDischargePowerW:0 W] meterConsumption[900 W] meterGrid[900 W] meterProduction[0 W]
levlWorkflow0","payload":{"method":"sendLev...
remaining discharge energy Ws 900000
levlWorkflow0[ActualDischargePowerW:0 W|LevlDischargePowerW:0 W|PrimaryUseCaseDischargePowerW:0 W|RealizedDischargePowerW:0 W] meterConsumption[1000 W] meterGrid[1000 W] meterProduction[0 W]
remaining discharge energy Ws 899000
levlWorkflow0[ActualDischargePowerW:1000 W|LevlDischargePowerW:1000 W|PrimaryUseCaseDischargePowerW:0 W|RealizedDischargePowerW:0 W] meterConsumption[1100 W] meterGrid[100 W] meterProduction[0 W]
remaining discharge energy Ws 897900
levlWorkflow0[ActualDischargePowerW:1200 W|LevlDischargePowerW:1100 W|PrimaryUseCaseDischargePowerW:100 W|RealizedDischargePowerW:0 W] meterConsumption[400 W] meterGrid[-800 W] meterProduction[0 W]
remaining discharge energy Ws 897900
levlWorkflow0[ActualDischargePowerW:-100 W|LevlDischargePowerW:0 W|PrimaryUseCaseDischargePowerW:-100 W|RealizedDischargePowerW:0 W] meterConsumption[500 W] meterGrid[600 W] meterProduction[0 W]
remaining discharge energy Ws 897300
levlWorkflow0[ActualDischargePowerW:600 W|LevlDischargePowerW:600 W|PrimaryUseCaseDischargePowerW:0 W|RealizedDischargePowerW:0 W] meterConsumption[900 W] meterGrid[300 W] meterProduction[0 W]
remaining discharge energy Ws 896400
levlWorkflow0[ActualDischargePowerW:900 W|LevlDischargePowerW:900 W|PrimaryUseCaseDischargePowerW:0 W|RealizedDischargePowerW:0 W] meterConsumption[1000 W] meterGrid[100 W] meterProduction[0 W]
