levlWorkflow0] Activate Levl.Workflow
levlWorkflow0' to Component Apis.
remaining discharge energy Ws 0
levlWorkflow0[ActualDischargePowerW:UNDEFINED|LevlDischargePowerW:UNDEFINED|PrimaryUseCaseDischargePowerW:UNDEFINED|RealizedDischargePowerW:UNDEFINED] meterConsumption[863 W] meterGrid[-2137 W] meterProduction[3000 W]
remaining discharge energy Ws 0
levlWorkflow0[ActualDischargePowerW:0 W|LevlDischargePowerW:0 W|PrimaryUseCaseDischargePowerW:0 W|RealizedDischargePowerW:0 W] meterConsumption[769 W] meterGrid[-2231 W] meterProduction[3000 W]
remaining discharge energy Ws 0
levlWorkflow0[ActualDischargePowerW:-2231 W|LevlDischargePowerW:0 W|PrimaryUseCaseDischargePowerW:-2231 W|RealizedDischargePowerW:0 W] meterConsumption[688 W] meterGrid[-81 W] meterProduction[3000 W]
levlWorkflow0","payload":{"method":"sendLev...
remaining discharge energy Ws 5419800
levlWorkflow0[ActualDischargePowerW:-2312 W|LevlDischargePowerW:0 W|PrimaryUseCaseDischargePowerW:-2312 W|RealizedDischargePowerW:0 W] meterConsumption[624 W] meterGrid[-64 W] meterProduction[3000 W]
remaining discharge energy Ws 5415664
levlWorkflow0[ActualDischargePowerW:1760 W|LevlDischargePowerW:4136 W|PrimaryUseCaseDischargePowerW:-2376 W|RealizedDischargePowerW:0 W] meterConsumption[580 W] meterGrid[-4180 W] meterProduction[3000 W]
remaining discharge energy Ws 5411508
levlWorkflow0[ActualDischargePowerW:1736 W|LevlDischargePowerW:4156 W|PrimaryUseCaseDischargePowerW:-2420 W|RealizedDischargePowerW:0 W] meterConsumption[552 W] meterGrid[-4184 W] meterProduction[3000 W]
remaining discharge energy Ws 5407336
levlWorkflow0[ActualDischargePowerW:1724 W|LevlDischargePowerW:4172 W|PrimaryUseCaseDischargePowerW:-2448 W|RealizedDischargePowerW:0 W] meterConsumption[536 W] meterGrid[-4188 W] meterProduction[3000 W]
remaining discharge energy Ws 5403152
levlWorkflow0[ActualDischargePowerW:1720 W|LevlDischargePowerW:4184 W|PrimaryUseCaseDischargePowerW:-2464 W|RealizedDischargePowerW:0 W] meterConsumption[524 W] meterGrid[-4196 W] meterProduction[3000 W]
remaining discharge energy Ws 5398964
levlWorkflow0[ActualDischargePowerW:1712 W|LevlDischargePowerW:4188 W|PrimaryUseCaseDischargePowerW:-2476 W|RealizedDischargePowerW:0 W] meterConsumption[513 W] meterGrid[-4199 W] meterProduction[3000 W]
