org.ops4j.pax.logging.pax-logging-api [org.ops4j.pax.logging.internal.Activator] INFO : Enabling Java Util Logging API support.
org.ops4j.pax.logging.pax-logging-api [org.ops4j.pax.logging.internal.Activator] INFO : Enabling SLF4J API support.
org.ops4j.pax.logging.pax-logging-api [org.ops4j.pax.logging.internal.Activator] INFO : Enabling Apache Commons Logging API support.
org.ops4j.pax.logging.pax-logging-api [org.ops4j.pax.logging.internal.Activator] INFO : Enabling JULI Logger API support.
org.ops4j.pax.logging.pax-logging-api [org.ops4j.pax.logging.internal.Activator] INFO : Enabling Avalon Logger API support.
org.ops4j.pax.logging.pax-logging-api [org.ops4j.pax.logging.internal.Activator] INFO : Enabling JBoss Logging API support.
org.ops4j.pax.logging.pax-logging-api [org.ops4j.pax.logging.internal.Activator] INFO : Enabling Log4J v1 API support.
org.ops4j.pax.logging.pax-logging-api [org.ops4j.pax.logging.internal.Activator] INFO : Enabling Log4J v2 API support.
org.ops4j.pax.logging.pax-logging-api [log4j2] INFO : Initializing Log4j2 using default configuration
org.ops4j.pax.logging.pax-logging-api [log4j2] INFO : Scanning for classes in '/org/ops4j/pax/logging/log4j2/internal/bridges/' matching criteria annotated with @Plugin
org.ops4j.pax.logging.pax-logging-api [log4j2] INFO : Scanning for classes in '/org/apache/logging/log4j/layout/template/json/' matching criteria annotated with @Plugin
org.ops4j.pax.logging.pax-logging-api [log4j2] INFO : Scanning for classes in '/org/apache/logging/log4j/layout/template/json/resolver/' matching criteria annotated with @Plugin
org.ops4j.pax.logging.pax-logging-api [log4j2] INFO : Scanning for classes in '/org/apache/logging/log4j/layout/template/json/util/' matching criteria annotated with @Plugin
org.ops4j.pax.logging.pax-logging-api [log4j2] INFO : Log4J2 configured using default configuration.
org.ops4j.pax.logging.pax-logging-log4j2 [org.ops4j.pax.logging.spi.support.EventAdminConfigurationNotifier] INFO : Sending Event Admin notification (configuration successful) to org/ops4j/pax/logging/Configuration
org.ops4j.pax.logging.pax-logging-api [log4j2] INFO : Log4J2 configured using configuration from passed properties
2024-08-28T18:43:38,530 [ogging])] INFO  [ventAdminConfigurationNotifier] Sending Event Admin notification (configuration successful) to org/ops4j/pax/logging/Configuration
2024-08-28T18:43:38,530 [artLevel] INFO  [enems.edge.application.EdgeApp] ==================================
2024-08-28T18:43:38,537 [artLevel] INFO  [enems.edge.application.EdgeApp] OpenEMS version [2024.8.0] started
2024-08-28T18:43:38,537 [artLevel] INFO  [enems.edge.application.EdgeApp] ==================================
2024-08-28T18:43:38,829 [artLevel] INFO  [onent.AbstractOpenemsComponent] [ctrlDebugLog0] Activate Controller.Debug.Log
2024-08-28T18:43:39,088 [artLevel] INFO  [onent.AbstractOpenemsComponent] [_power] Activate Ess.Power
2024-08-28T18:43:39,111 [artLevel] INFO  [onent.AbstractOpenemsComponent] [_evcsSlowPowerIncreaseFilter] Activate Evcs.SlowPowerIncreaseFilter
2024-08-28T18:43:39,260 [artLevel] INFO  [onent.AbstractOpenemsComponent] [meterGrid] Activate Simulator.GridMeter.Reacting
2024-08-28T18:43:39,395 [artLevel] INFO  [onent.AbstractOpenemsComponent] [_host] Activate Core.Host
2024-08-28T18:43:39,402 [artLevel] INFO  [onent.AbstractOpenemsComponent] [_meta] Activate Core.Meta
2024-08-28T18:43:39,468 [artLevel] INFO  [rg.eclipse.jetty.server.Server] jetty-11.0.22; built: 2024-06-27T16:27:26.756Z; git: e711d4c7040cb1e61aa68cb248fa7280b734a3bb; jvm 17.0.12+7-Ubuntu-1ubuntu222.04
2024-08-28T18:43:39,503 [artLevel] INFO  [ession.DefaultSessionIdManager] Session workerName=node0
2024-08-28T18:43:39,514 [artLevel] INFO  [.server.handler.ContextHandler] Started o.e.j.s.ServletContextHandler@20ad5558{/,null,AVAILABLE}
2024-08-28T18:43:39,516 [artLevel] INFO  [rg.eclipse.jetty.server.Server] Started Server@83135a7{STARTING}[11.0.22,sto=0] @4726ms
2024-08-28T18:43:39,573 [artLevel] INFO  [jetty.server.AbstractConnector] Started ServerConnector@46683087{HTTP/1.1, (http/1.1)}{0.0.0.0:8080}
2024-08-28T18:43:39,575 [artLevel] INFO  [org.apache.felix.http         ] Started Jetty 11.0.22 at port(s) HTTP:8080 on context path / [minThreads=8,maxThreads=200,acceptors=2,selectors=8]
2024-08-28T18:43:39,647 [artLevel] INFO  [onent.AbstractOpenemsComponent] [_componentManager] Activate Core.ComponentManager
2024-08-28T18:43:39,659 [artLevel] INFO  [onent.AbstractOpenemsComponent] [datasourceConsumption] Activate Simulator.Datasource.CSV.Predefined
2024-08-28T18:43:39,671 [artLevel] INFO  [onent.AbstractOpenemsComponent] [meterConsumption] Activate Simulator.NRCMeter.Acting
2024-08-28T18:43:39,688 [artLevel] INFO  [onent.AbstractOpenemsComponent] [datasourceProduction] Activate Simulator.Datasource.Single.Direct
2024-08-28T18:43:39,696 [artLevel] INFO  [onent.AbstractOpenemsComponent] [meterProduction] Activate Simulator.ProductionMeter.Acting
2024-08-28T18:43:39,715 [artLevel] INFO  [onent.AbstractOpenemsComponent] [ess0] Activate Simulator.EssSymmetric.Reacting
2024-08-28T18:43:39,920 [artLevel] INFO  [onent.AbstractOpenemsComponent] [_appManager] Activate Core.AppManager
2024-08-28T18:43:39,952 [artLevel] INFO  [onent.AbstractOpenemsComponent] [_predictorManager] Activate Core.PredictorManager
2024-08-28T18:43:39,967 [artLevel] INFO  [onent.AbstractOpenemsComponent] [_sum] Activate Core.Sum
2024-08-28T18:43:39,990 [artLevel] INFO  [onent.AbstractOpenemsComponent] [_energy] Activate Core.Energy
2024-08-28T18:43:40,034 [.Energy)] INFO  [onent.AbstractOpenemsComponent] [_energy] Modified Core.Energy
2024-08-28T18:43:40,036 [_energy ] INFO  [dge.energy.optimizer.Optimizer] # Start next run of Optimizer
2024-08-28T18:43:40,039 [_energy ] INFO  [dge.energy.optimizer.Optimizer] # Stuck trying to get Params. TimeOfUseTariff is not available
2024-08-28T18:43:40,040 [artLevel] INFO  [onent.AbstractOpenemsComponent] [_cycle] Activate Core.Cycle
2024-08-28T18:43:40,059 [_cycle  ] INFO  [andler.ComponentRequestHandler] Added '_host' to Component Apis.
2024-08-28T18:43:40,091 [_cycle  ] INFO  [andler.ComponentRequestHandler] Added '_appManager' to Component Apis.
2024-08-28T18:43:40,092 [_cycle  ] INFO  [andler.ComponentRequestHandler] Added '_energy' to Component Apis.
2024-08-28T18:43:40,104 [_cycle  ] INFO  [onent.AbstractOpenemsComponent] [ctrlApiRest0] Activate Controller.Api.Rest.ReadWrite
2024-08-28T18:43:40,108 [_cycle  ] INFO  [rg.eclipse.jetty.server.Server] jetty-11.0.22; built: 2024-06-27T16:27:26.756Z; git: e711d4c7040cb1e61aa68cb248fa7280b734a3bb; jvm 17.0.12+7-Ubuntu-1ubuntu222.04
2024-08-28T18:43:40,115 [_cycle  ] INFO  [jetty.server.AbstractConnector] Started ServerConnector@254bc325{HTTP/1.1, (http/1.1)}{0.0.0.0:8085}
2024-08-28T18:43:40,116 [_cycle  ] INFO  [rg.eclipse.jetty.server.Server] Started Server@23c8e06c{STARTING}[11.0.22,sto=0] @5326ms
2024-08-28T18:43:40,117 [_cycle  ] INFO  [.ControllerApiRestReadOnlyImpl] [ctrlApiRest0] REST-Api Read-Write started on port [8085].
2024-08-28T18:43:40,124 [artLevel] INFO  [onent.AbstractOpenemsComponent] [scheduler0] Activate Scheduler.AllAlphabetically
2024-08-28T18:43:40,151 [artLevel] INFO  [andler.ComponentRequestHandler] Added '_componentManager' to Component Apis.
2024-08-28T18:43:40,155 [_cycle  ] INFO  [ebuglog.ControllerDebugLogImpl] [ctrlDebugLog0] _sum[State:Fault Ess SoC:50 % Grid:-4137 W Production:5000 W Consumption:863 W] ess0[SoC:50 %|L:UNDEFINED|Allowed:-10000;10000 W] meterConsumption[863 W] meterGrid[-4137 W] meterProduction[5000 W]
2024-08-28T18:43:40,165 [artLevel] INFO  [org.apache.felix.webconsole   ] org.apache.felix.webconsole.internal.compendium.PreferencesConfigurationPrinter not enabled. Reason: Class org/osgi/service/prefs/BackingStoreException missing
2024-08-28T18:43:40,193 [artLevel] INFO  [org.apache.felix.webconsole   ] Servlet 3 bridge enabled
2024-08-28T18:43:40,245 [artLevel] INFO  [onent.AbstractOpenemsComponent] [levlWorkflow0] Activate Levl.Workflow
2024-08-28T18:43:40,276 [artLevel] INFO  [onent.AbstractOpenemsComponent] [ctrlPeakShaving0] Activate Controller.Levl.Symmetric.PeakShaving
2024-08-28T18:43:40,280 [artLevel] INFO  [andler.ComponentRequestHandler] Added 'levlWorkflow0' to Component Apis.
2024-08-28T18:43:40,283 [8ab82bc)] INFO  [onent.AbstractOpenemsComponent] [ctrlPeakShaving0] Deactivate Controller.Levl.Symmetric.PeakShaving
2024-08-28T18:43:40,286 [8ab82bc)] INFO  [andler.ComponentRequestHandler] Removed 'levlWorkflow0' from Component Apis.
2024-08-28T18:43:40,288 [8ab82bc)] INFO  [onent.AbstractOpenemsComponent] [levlWorkflow0] Deactivate Levl.Workflow
2024-08-28T18:43:40,289 [artLevel] INFO  [onent.AbstractOpenemsComponent] [levlWorkflowState0] Activate Levl.Workflow.State
2024-08-28T18:43:40,294 [8ab82bc)] INFO  [onent.AbstractOpenemsComponent] [levlWorkflow0] Activate Levl.Workflow
2024-08-28T18:43:40,297 [8ab82bc)] INFO  [onent.AbstractOpenemsComponent] [ctrlPeakShaving0] Activate Controller.Levl.Symmetric.PeakShaving
2024-08-28T18:43:40,299 [8ab82bc)] INFO  [andler.ComponentRequestHandler] Added 'levlWorkflow0' to Component Apis.
2024-08-28T18:43:41,052 [_cycle  ] INFO  [flow.LevlWorkflowComponentImpl] ### restored state from config
2024-08-28T18:43:41,059 [_cycle  ] INFO  [roller.workflow.DischargeState] Starting levl request: DischargeRequest{requestId='next-request', requestTimestamp=, dischargeEnergyWs=-900000, influenceSellToGrid=true, start=2020-12-31T23:59:59.999999999, deadline=2030-12-31T23:59:59.999999999, active=true}
2024-08-28T18:43:41,060 [_cycle  ] INFO  [r.workflow.LevlPowerCalculator] *********** remaining discharge energy Ws -900000
2024-08-28T18:43:41,064 [_cycle  ] INFO  [ebuglog.ControllerDebugLogImpl] [ctrlDebugLog0] _sum[State:Ok Ess SoC:50 %|L:0 W Grid:-4231 W Production:5000 W Consumption:769 W] ess0[SoC:50 %|L:0 W|Allowed:-10000;10000 W] levlWorkflow0[ActualDischargePowerW:UNDEFINED|LevlDischargePowerW:UNDEFINED|PrimaryUseCaseDischargePowerW:UNDEFINED|RealizedDischargePowerW:UNDEFINED] meterConsumption[769 W] meterGrid[-4231 W] meterProduction[5000 W]
2024-08-28T18:43:41,111 [f4d3eee)] INFO  [onent.AbstractOpenemsComponent] [levlWorkflowState0] Deactivate Levl.Workflow.State
2024-08-28T18:43:41,115 [f4d3eee)] INFO  [onent.AbstractOpenemsComponent] [levlWorkflowState0] Activate Levl.Workflow.State
2024-08-28T18:43:42,045 [_cycle  ] INFO  [r.workflow.LevlPowerCalculator] *********** remaining discharge energy Ws -894769
2024-08-28T18:43:42,048 [_cycle  ] INFO  [ebuglog.ControllerDebugLogImpl] [ctrlDebugLog0] _sum[State:Ok Ess SoC:50 %|L:-9962 W Grid:5650 W Production:5000 W Consumption:688 W] ess0[SoC:50 %|L:-9962 W|Allowed:-10000;10000 W] levlWorkflow0[ActualDischargePowerW:-9962 W|LevlDischargePowerW:-5231 W|PrimaryUseCaseDischargePowerW:-4731 W|RealizedDischargePowerW:0 W] meterConsumption[688 W] meterGrid[5650 W] meterProduction[5000 W]
2024-08-28T18:43:42,079 [f4d3eee)] INFO  [onent.AbstractOpenemsComponent] [levlWorkflowState0] Deactivate Levl.Workflow.State
2024-08-28T18:43:42,082 [f4d3eee)] INFO  [onent.AbstractOpenemsComponent] [levlWorkflowState0] Activate Levl.Workflow.State
2024-08-28T18:43:43,045 [_cycle  ] INFO  [r.workflow.LevlPowerCalculator] *********** remaining discharge energy Ws -894188
2024-08-28T18:43:43,049 [_cycle  ] INFO  [ebuglog.ControllerDebugLogImpl] [ctrlDebugLog0] _sum[State:Ok Ess SoC:50 %|L:-5393 W Grid:1017 W Production:5000 W Consumption:624 W] ess0[SoC:50 %|L:-5393 W|Allowed:-10000;10000 W] levlWorkflow0[ActualDischargePowerW:-5393 W|LevlDischargePowerW:-581 W|PrimaryUseCaseDischargePowerW:-4812 W|RealizedDischargePowerW:0 W] meterConsumption[624 W] meterGrid[1017 W] meterProduction[5000 W]
2024-08-28T18:43:43,074 [f4d3eee)] INFO  [onent.AbstractOpenemsComponent] [levlWorkflowState0] Deactivate Levl.Workflow.State
2024-08-28T18:43:43,077 [f4d3eee)] INFO  [onent.AbstractOpenemsComponent] [levlWorkflowState0] Activate Levl.Workflow.State
2024-08-28T18:43:44,045 [_cycle  ] INFO  [r.workflow.LevlPowerCalculator] *********** remaining discharge energy Ws -893624
2024-08-28T18:43:44,047 [_cycle  ] INFO  [ebuglog.ControllerDebugLogImpl] [ctrlDebugLog0] _sum[State:Ok Ess SoC:50 %|L:-5440 W Grid:1020 W Production:5000 W Consumption:580 W] ess0[SoC:50 %|L:-5440 W|Allowed:-10000;10000 W] levlWorkflow0[ActualDischargePowerW:-5440 W|LevlDischargePowerW:-564 W|PrimaryUseCaseDischargePowerW:-4876 W|RealizedDischargePowerW:0 W] meterConsumption[580 W] meterGrid[1020 W] meterProduction[5000 W]
2024-08-28T18:43:44,073 [f4d3eee)] INFO  [onent.AbstractOpenemsComponent] [levlWorkflowState0] Deactivate Levl.Workflow.State
2024-08-28T18:43:44,075 [f4d3eee)] INFO  [onent.AbstractOpenemsComponent] [levlWorkflowState0] Activate Levl.Workflow.State
2024-08-28T18:43:45,045 [_cycle  ] INFO  [r.workflow.LevlPowerCalculator] *********** remaining discharge energy Ws -893080
2024-08-28T18:43:45,048 [_cycle  ] INFO  [ebuglog.ControllerDebugLogImpl] [ctrlDebugLog0] _sum[State:Ok Ess SoC:50 %|L:-5464 W Grid:1016 W Production:5000 W Consumption:552 W] ess0[SoC:50 %|L:-5464 W|Allowed:-10000;10000 W] levlWorkflow0[ActualDischargePowerW:-5464 W|LevlDischargePowerW:-544 W|PrimaryUseCaseDischargePowerW:-4920 W|RealizedDischargePowerW:0 W] meterConsumption[552 W] meterGrid[1016 W] meterProduction[5000 W]
2024-08-28T18:43:45,075 [f4d3eee)] INFO  [onent.AbstractOpenemsComponent] [levlWorkflowState0] Deactivate Levl.Workflow.State
2024-08-28T18:43:45,078 [f4d3eee)] INFO  [onent.AbstractOpenemsComponent] [levlWorkflowState0] Activate Levl.Workflow.State
2024-08-28T18:43:46,046 [_cycle  ] INFO  [r.workflow.LevlPowerCalculator] *********** remaining discharge energy Ws -892552
2024-08-28T18:43:46,048 [_cycle  ] INFO  [ebuglog.ControllerDebugLogImpl] [ctrlDebugLog0] _sum[State:Ok Ess SoC:50 %|L:-5476 W Grid:1012 W Production:5000 W Consumption:536 W] ess0[SoC:50 %|L:-5476 W|Allowed:-10000;10000 W] levlWorkflow0[ActualDischargePowerW:-5476 W|LevlDischargePowerW:-528 W|PrimaryUseCaseDischargePowerW:-4948 W|RealizedDischargePowerW:0 W] meterConsumption[536 W] meterGrid[1012 W] meterProduction[5000 W]
2024-08-28T18:43:46,073 [f4d3eee)] INFO  [onent.AbstractOpenemsComponent] [levlWorkflowState0] Deactivate Levl.Workflow.State
2024-08-28T18:43:46,075 [f4d3eee)] INFO  [onent.AbstractOpenemsComponent] [levlWorkflowState0] Activate Levl.Workflow.State
2024-08-28T18:43:47,046 [_cycle  ] INFO  [r.workflow.LevlPowerCalculator] *********** remaining discharge energy Ws -892036
2024-08-28T18:43:47,048 [_cycle  ] INFO  [ebuglog.ControllerDebugLogImpl] [ctrlDebugLog0] _sum[State:Ok Ess SoC:50 %|L:-5480 W Grid:1004 W Production:5000 W Consumption:524 W] ess0[SoC:50 %|L:-5480 W|Allowed:-10000;10000 W] levlWorkflow0[ActualDischargePowerW:-5480 W|LevlDischargePowerW:-516 W|PrimaryUseCaseDischargePowerW:-4964 W|RealizedDischargePowerW:0 W] meterConsumption[524 W] meterGrid[1004 W] meterProduction[5000 W]
2024-08-28T18:43:47,072 [f4d3eee)] INFO  [onent.AbstractOpenemsComponent] [levlWorkflowState0] Deactivate Levl.Workflow.State
2024-08-28T18:43:47,074 [f4d3eee)] INFO  [onent.AbstractOpenemsComponent] [levlWorkflowState0] Activate Levl.Workflow.State
2024-08-28T18:43:48,045 [_cycle  ] INFO  [r.workflow.LevlPowerCalculator] *********** remaining discharge energy Ws -891524
2024-08-28T18:43:48,047 [_cycle  ] INFO  [ebuglog.ControllerDebugLogImpl] [ctrlDebugLog0] _sum[State:Ok Ess SoC:50 %|L:-5488 W Grid:1001 W Production:5000 W Consumption:513 W] ess0[SoC:50 %|L:-5488 W|Allowed:-10000;10000 W] levlWorkflow0[ActualDischargePowerW:-5488 W|LevlDischargePowerW:-512 W|PrimaryUseCaseDischargePowerW:-4976 W|RealizedDischargePowerW:0 W] meterConsumption[513 W] meterGrid[1001 W] meterProduction[5000 W]
2024-08-28T18:43:48,071 [f4d3eee)] INFO  [onent.AbstractOpenemsComponent] [levlWorkflowState0] Deactivate Levl.Workflow.State
2024-08-28T18:43:48,073 [f4d3eee)] INFO  [onent.AbstractOpenemsComponent] [levlWorkflowState0] Activate Levl.Workflow.State
