org.ops4j.pax.logging.pax-logging-api [org.ops4j.pax.logging.internal.Activator] INFO : Enabling Java Util Logging API support.
org.ops4j.pax.logging.pax-logging-api [org.ops4j.pax.logging.internal.Activator] INFO : Enabling SLF4J API support.
org.ops4j.pax.logging.pax-logging-api [org.ops4j.pax.logging.internal.Activator] INFO : Enabling Apache Commons Logging API support.
org.ops4j.pax.logging.pax-logging-api [org.ops4j.pax.logging.internal.Activator] INFO : Enabling JULI Logger API support.
org.ops4j.pax.logging.pax-logging-api [org.ops4j.pax.logging.internal.Activator] INFO : Enabling Avalon Logger API support.
org.ops4j.pax.logging.pax-logging-api [org.ops4j.pax.logging.internal.Activator] INFO : Enabling JBoss Logging API support.
org.ops4j.pax.logging.pax-logging-api [org.ops4j.pax.logging.internal.Activator] INFO : Enabling Log4J v1 API support.
org.ops4j.pax.logging.pax-logging-api [org.ops4j.pax.logging.internal.Activator] INFO : Enabling Log4J v2 API support.
org.ops4j.pax.logging.pax-logging-api [log4j2] INFO : Initializing Log4j2 using default configuration
org.ops4j.pax.logging.pax-logging-api [log4j2] INFO : Scanning for classes in '/org/ops4j/pax/logging/log4j2/internal/bridges/' matching criteria annotated with @Plugin
org.ops4j.pax.logging.pax-logging-api [log4j2] INFO : Scanning for classes in '/org/apache/logging/log4j/layout/template/json/' matching criteria annotated with @Plugin
org.ops4j.pax.logging.pax-logging-api [log4j2] INFO : Scanning for classes in '/org/apache/logging/log4j/layout/template/json/resolver/' matching criteria annotated with @Plugin
org.ops4j.pax.logging.pax-logging-api [log4j2] INFO : Scanning for classes in '/org/apache/logging/log4j/layout/template/json/util/' matching criteria annotated with @Plugin
org.ops4j.pax.logging.pax-logging-api [log4j2] INFO : Log4J2 configured using default configuration.
org.ops4j.pax.logging.pax-logging-log4j2 [org.ops4j.pax.logging.spi.support.EventAdminConfigurationNotifier] INFO : Sending Event Admin notification (configuration successful) to org/ops4j/pax/logging/Configuration
org.ops4j.pax.logging.pax-logging-api [log4j2] INFO : Log4J2 configured using configuration from passed properties
2024-08-28T18:39:07,473 [ogging])] INFO  [ventAdminConfigurationNotifier] Sending Event Admin notification (configuration successful) to org/ops4j/pax/logging/Configuration
2024-08-28T18:39:07,473 [artLevel] INFO  [enems.edge.application.EdgeApp] ==================================
2024-08-28T18:39:07,478 [artLevel] INFO  [enems.edge.application.EdgeApp] OpenEMS version [2024.8.0] started
2024-08-28T18:39:07,479 [artLevel] INFO  [enems.edge.application.EdgeApp] ==================================
2024-08-28T18:39:07,748 [artLevel] INFO  [onent.AbstractOpenemsComponent] [ctrlDebugLog0] Activate Controller.Debug.Log
2024-08-28T18:39:07,979 [artLevel] INFO  [onent.AbstractOpenemsComponent] [_power] Activate Ess.Power
2024-08-28T18:39:08,017 [artLevel] INFO  [onent.AbstractOpenemsComponent] [_evcsSlowPowerIncreaseFilter] Activate Evcs.SlowPowerIncreaseFilter
2024-08-28T18:39:08,144 [artLevel] INFO  [onent.AbstractOpenemsComponent] [meterGrid] Activate Simulator.GridMeter.Reacting
2024-08-28T18:39:08,268 [artLevel] INFO  [onent.AbstractOpenemsComponent] [_host] Activate Core.Host
2024-08-28T18:39:08,276 [artLevel] INFO  [onent.AbstractOpenemsComponent] [_meta] Activate Core.Meta
2024-08-28T18:39:08,355 [artLevel] INFO  [rg.eclipse.jetty.server.Server] jetty-11.0.22; built: 2024-06-27T16:27:26.756Z; git: e711d4c7040cb1e61aa68cb248fa7280b734a3bb; jvm 17.0.12+7-Ubuntu-1ubuntu222.04
2024-08-28T18:39:08,398 [artLevel] INFO  [ession.DefaultSessionIdManager] Session workerName=node0
2024-08-28T18:39:08,413 [artLevel] INFO  [.server.handler.ContextHandler] Started o.e.j.s.ServletContextHandler@4b7d3968{/,null,AVAILABLE}
2024-08-28T18:39:08,415 [artLevel] INFO  [rg.eclipse.jetty.server.Server] Started Server@2b7bd8ac{STARTING}[11.0.22,sto=0] @4241ms
2024-08-28T18:39:08,470 [artLevel] INFO  [jetty.server.AbstractConnector] Started ServerConnector@30314eb5{HTTP/1.1, (http/1.1)}{0.0.0.0:8080}
2024-08-28T18:39:08,472 [artLevel] INFO  [org.apache.felix.http         ] Started Jetty 11.0.22 at port(s) HTTP:8080 on context path / [minThreads=8,maxThreads=200,acceptors=2,selectors=8]
2024-08-28T18:39:08,560 [artLevel] INFO  [onent.AbstractOpenemsComponent] [_componentManager] Activate Core.ComponentManager
2024-08-28T18:39:08,584 [artLevel] INFO  [andler.ComponentRequestHandler] Added '_host' to Component Apis.
2024-08-28T18:39:08,605 [artLevel] INFO  [onent.AbstractOpenemsComponent] [ctrlApiRest0] Activate Controller.Api.Rest.ReadWrite
2024-08-28T18:39:08,612 [artLevel] INFO  [rg.eclipse.jetty.server.Server] jetty-11.0.22; built: 2024-06-27T16:27:26.756Z; git: e711d4c7040cb1e61aa68cb248fa7280b734a3bb; jvm 17.0.12+7-Ubuntu-1ubuntu222.04
2024-08-28T18:39:08,620 [artLevel] INFO  [jetty.server.AbstractConnector] Started ServerConnector@1a804ef5{HTTP/1.1, (http/1.1)}{0.0.0.0:8085}
2024-08-28T18:39:08,621 [artLevel] INFO  [rg.eclipse.jetty.server.Server] Started Server@3d6f4506{STARTING}[11.0.22,sto=0] @4446ms
2024-08-28T18:39:08,622 [artLevel] INFO  [.ControllerApiRestReadOnlyImpl] [ctrlApiRest0] REST-Api Read-Write started on port [8085].
2024-08-28T18:39:08,638 [artLevel] INFO  [onent.AbstractOpenemsComponent] [datasourceConsumption] Activate Simulator.Datasource.Single.Direct
2024-08-28T18:39:08,653 [artLevel] INFO  [onent.AbstractOpenemsComponent] [meterConsumption] Activate Simulator.NRCMeter.Acting
2024-08-28T18:39:08,670 [artLevel] INFO  [onent.AbstractOpenemsComponent] [datasourceProduction] Activate Simulator.Datasource.Single.Direct
2024-08-28T18:39:08,679 [artLevel] INFO  [onent.AbstractOpenemsComponent] [meterProduction] Activate Simulator.ProductionMeter.Acting
2024-08-28T18:39:08,699 [artLevel] INFO  [onent.AbstractOpenemsComponent] [ess0] Activate Simulator.EssSymmetric.Reacting
2024-08-28T18:39:08,741 [artLevel] INFO  [andler.ComponentRequestHandler] Added '_componentManager' to Component Apis.
2024-08-28T18:39:08,749 [artLevel] INFO  [onent.AbstractOpenemsComponent] [scheduler0] Activate Scheduler.AllAlphabetically
2024-08-28T18:39:08,903 [artLevel] INFO  [onent.AbstractOpenemsComponent] [_appManager] Activate Core.AppManager
2024-08-28T18:39:08,931 [artLevel] INFO  [andler.ComponentRequestHandler] Added '_appManager' to Component Apis.
2024-08-28T18:39:08,984 [artLevel] INFO  [onent.AbstractOpenemsComponent] [_predictorManager] Activate Core.PredictorManager
2024-08-28T18:39:08,997 [artLevel] INFO  [onent.AbstractOpenemsComponent] [_sum] Activate Core.Sum
2024-08-28T18:39:09,007 [tManager] INFO  [onent.AbstractOpenemsComponent] [_cycle] Activate Core.Cycle
2024-08-28T18:39:09,036 [tManager] INFO  [onent.AbstractOpenemsComponent] [_energy] Activate Core.Energy
2024-08-28T18:39:09,074 [artLevel] INFO  [andler.ComponentRequestHandler] Added '_energy' to Component Apis.
2024-08-28T18:39:09,077 [.Energy)] INFO  [onent.AbstractOpenemsComponent] [_energy] Modified Core.Energy
2024-08-28T18:39:09,079 [_energy ] INFO  [dge.energy.optimizer.Optimizer] # Start next run of Optimizer
2024-08-28T18:39:09,081 [_energy ] INFO  [dge.energy.optimizer.Optimizer] # Stuck trying to get Params. TimeOfUseTariff is not available
2024-08-28T18:39:09,086 [.Energy)] INFO  [andler.ComponentRequestHandler] Updated Component Api _energy
2024-08-28T18:39:09,088 [artLevel] INFO  [org.apache.felix.webconsole   ] org.apache.felix.webconsole.internal.compendium.PreferencesConfigurationPrinter not enabled. Reason: Class org/osgi/service/prefs/BackingStoreException missing
2024-08-28T18:39:09,108 [_cycle  ] INFO  [ebuglog.ControllerDebugLogImpl] [ctrlDebugLog0] _componentManager[Defective:null[Unsatisfied reference for $000,$003,$004] _sum[Unsatisfied reference for componentManager] _cycle[Unsatisfied reference for componentManager,sumComponent] _appManager[Unsatisfied reference for appValidateWorker,backendUtil,componentManager,componentUtil,csoAppManagerAppHelper] ess0[Unsatisfied reference for componentManager] datasourceProduction[Unsatisfied reference for componentManager] meterConsumption[Unsatisfied reference for datasource ((&(enabled=true)(!(service.pid=Simulator.NRCMeter.Acting.5fe739fc-e65e-4379-94b6-65a8a95f605f))(|(id=datasourceConsumption))))] meterProduction[Unsatisfied reference for datasource ((&(enabled=true)(!(service.pid=Simulator.ProductionMeter.Acting.0643464b-efb0-4449-b551-c3b3163c07ef))(|(id=datasourceProduction))))] ctrlLevlBalancing0[Missing Bundle] datasourceConsumption[Unsatisfied reference for componentManager] levlWorkflow0[Missing Bundle] levlWorkflowState0[Missing Bundle] _predictorManager[Unsatisfied reference for componentManager] scheduler0[Unsatisfied reference for componentManager]|State:FAULT: A configured OpenEMS Component was not activated] _sum[State:Fault Ess SoC:10 % Grid:7000 W Production:1000 W Consumption:8000 W] ess0[SoC:10 %|L:UNDEFINED|Allowed:-10000;10000 W] meterConsumption[8000 W] meterGrid[7000 W] meterProduction[1000 W]
2024-08-28T18:39:09,126 [artLevel] INFO  [org.apache.felix.webconsole   ] Servlet 3 bridge enabled
2024-08-28T18:39:09,193 [artLevel] INFO  [onent.AbstractOpenemsComponent] [levlWorkflow0] Activate Levl.Workflow
2024-08-28T18:39:09,224 [artLevel] INFO  [onent.AbstractOpenemsComponent] [ctrlLevlBalancing0] Activate Controller.Levl.Symmetric.Balancing
2024-08-28T18:39:09,229 [artLevel] INFO  [andler.ComponentRequestHandler] Added 'levlWorkflow0' to Component Apis.
2024-08-28T18:39:09,232 [8ab82bc)] INFO  [onent.AbstractOpenemsComponent] [ctrlLevlBalancing0] Deactivate Controller.Levl.Symmetric.Balancing
2024-08-28T18:39:09,234 [8ab82bc)] INFO  [andler.ComponentRequestHandler] Removed 'levlWorkflow0' from Component Apis.
2024-08-28T18:39:09,235 [8ab82bc)] INFO  [onent.AbstractOpenemsComponent] [levlWorkflow0] Deactivate Levl.Workflow
2024-08-28T18:39:09,237 [artLevel] INFO  [onent.AbstractOpenemsComponent] [levlWorkflowState0] Activate Levl.Workflow.State
2024-08-28T18:39:09,242 [8ab82bc)] INFO  [onent.AbstractOpenemsComponent] [levlWorkflow0] Activate Levl.Workflow
2024-08-28T18:39:09,246 [8ab82bc)] INFO  [onent.AbstractOpenemsComponent] [ctrlLevlBalancing0] Activate Controller.Levl.Symmetric.Balancing
2024-08-28T18:39:09,248 [8ab82bc)] INFO  [andler.ComponentRequestHandler] Added 'levlWorkflow0' to Component Apis.
2024-08-28T18:39:10,020 [_cycle  ] INFO  [flow.LevlWorkflowComponentImpl] ### restored state from config
2024-08-28T18:39:10,027 [_cycle  ] INFO  [roller.workflow.DischargeState] stopped executing levl request: request expired DischargeRequest{requestId='', requestTimestamp=, dischargeEnergyWs=0, influenceSellToGrid=true, start=2020-12-31T23:59:59.999999999, deadline=2020-12-31T23:59:59.999999999, active=false}
2024-08-28T18:39:10,028 [_cycle  ] INFO  [roller.workflow.DischargeState] Starting levl request: DischargeRequest{requestId='next-request', requestTimestamp=, dischargeEnergyWs=1800000, influenceSellToGrid=true, start=2020-12-31T23:59:59.999999999, deadline=2030-12-31T23:59:59.999999999, active=true}
2024-08-28T18:39:10,029 [_cycle  ] INFO  [r.workflow.LevlPowerCalculator] *********** remaining discharge energy Ws 1800000
2024-08-28T18:39:10,032 [_cycle  ] INFO  [ebuglog.ControllerDebugLogImpl] [ctrlDebugLog0] _sum[State:Ok Ess SoC:10 %|L:0 W Grid:7000 W Production:1000 W Consumption:8000 W] ess0[SoC:10 %|L:0 W|Allowed:-10000;10000 W] levlWorkflow0[ActualDischargePowerW:UNDEFINED|LevlDischargePowerW:UNDEFINED|PrimaryUseCaseDischargePowerW:UNDEFINED|RealizedDischargePowerW:UNDEFINED] meterConsumption[8000 W] meterGrid[7000 W] meterProduction[1000 W]
2024-08-28T18:39:10,046 [_cycle  ] INFO  [enems.edge.ess.power.api.Power] [Channel [SetActivePowerEquals]] reducing requested [17000 W] to maximum power [10000 W] for [ess0P]
2024-08-28T18:39:10,080 [f4d3eee)] INFO  [onent.AbstractOpenemsComponent] [levlWorkflowState0] Deactivate Levl.Workflow.State
2024-08-28T18:39:10,084 [f4d3eee)] INFO  [onent.AbstractOpenemsComponent] [levlWorkflowState0] Activate Levl.Workflow.State
2024-08-28T18:39:11,013 [_cycle  ] INFO  [r.workflow.LevlPowerCalculator] *********** remaining discharge energy Ws 1790000
2024-08-28T18:39:11,016 [_cycle  ] INFO  [ebuglog.ControllerDebugLogImpl] [ctrlDebugLog0] _sum[State:Ok Ess SoC:10 %|L:10000 W Grid:-3000 W Production:1000 W Consumption:8000 W] ess0[SoC:10 %|L:10000 W|Allowed:-10000;10000 W] levlWorkflow0[ActualDischargePowerW:10000 W|LevlDischargePowerW:10000 W|PrimaryUseCaseDischargePowerW:0 W|RealizedDischargePowerW:0 W] meterConsumption[8000 W] meterGrid[-3000 W] meterProduction[1000 W]
2024-08-28T18:39:11,019 [_cycle  ] INFO  [enems.edge.ess.power.api.Power] [Channel [SetActivePowerEquals]] reducing requested [17000 W] to maximum power [10000 W] for [ess0P]
2024-08-28T18:39:11,045 [f4d3eee)] INFO  [onent.AbstractOpenemsComponent] [levlWorkflowState0] Deactivate Levl.Workflow.State
2024-08-28T18:39:11,047 [f4d3eee)] INFO  [onent.AbstractOpenemsComponent] [levlWorkflowState0] Activate Levl.Workflow.State
2024-08-28T18:39:12,013 [_cycle  ] INFO  [r.workflow.LevlPowerCalculator] *********** remaining discharge energy Ws 1780000
2024-08-28T18:39:12,015 [_cycle  ] INFO  [ebuglog.ControllerDebugLogImpl] [ctrlDebugLog0] _sum[State:Ok Ess SoC:10 %|L:10000 W Grid:-3000 W Production:1000 W Consumption:8000 W] ess0[SoC:10 %|L:10000 W|Allowed:-10000;10000 W] levlWorkflow0[ActualDischargePowerW:10000 W|LevlDischargePowerW:10000 W|PrimaryUseCaseDischargePowerW:0 W|RealizedDischargePowerW:0 W] meterConsumption[8000 W] meterGrid[-3000 W] meterProduction[1000 W]
2024-08-28T18:39:12,017 [_cycle  ] INFO  [enems.edge.ess.power.api.Power] [Channel [SetActivePowerEquals]] reducing requested [17000 W] to maximum power [10000 W] for [ess0P]
2024-08-28T18:39:12,042 [f4d3eee)] INFO  [onent.AbstractOpenemsComponent] [levlWorkflowState0] Deactivate Levl.Workflow.State
2024-08-28T18:39:12,044 [f4d3eee)] INFO  [onent.AbstractOpenemsComponent] [levlWorkflowState0] Activate Levl.Workflow.State
2024-08-28T18:39:13,012 [_cycle  ] INFO  [r.workflow.LevlPowerCalculator] *********** remaining discharge energy Ws 1770000
2024-08-28T18:39:13,014 [_cycle  ] INFO  [ebuglog.ControllerDebugLogImpl] [ctrlDebugLog0] _sum[State:Ok Ess SoC:10 %|L:10000 W Grid:-3000 W Production:1000 W Consumption:8000 W] ess0[SoC:10 %|L:10000 W|Allowed:-10000;10000 W] levlWorkflow0[ActualDischargePowerW:10000 W|LevlDischargePowerW:10000 W|PrimaryUseCaseDischargePowerW:0 W|RealizedDischargePowerW:0 W] meterConsumption[8000 W] meterGrid[-3000 W] meterProduction[1000 W]
2024-08-28T18:39:13,016 [_cycle  ] INFO  [enems.edge.ess.power.api.Power] [Channel [SetActivePowerEquals]] reducing requested [17000 W] to maximum power [10000 W] for [ess0P]
2024-08-28T18:39:13,040 [f4d3eee)] INFO  [onent.AbstractOpenemsComponent] [levlWorkflowState0] Deactivate Levl.Workflow.State
2024-08-28T18:39:13,054 [f4d3eee)] INFO  [onent.AbstractOpenemsComponent] [levlWorkflowState0] Activate Levl.Workflow.State
2024-08-28T18:39:14,013 [_cycle  ] INFO  [r.workflow.LevlPowerCalculator] *********** remaining discharge energy Ws 1760000
2024-08-28T18:39:14,015 [_cycle  ] INFO  [ebuglog.ControllerDebugLogImpl] [ctrlDebugLog0] _sum[State:Ok Ess SoC:10 %|L:10000 W Grid:-3000 W Production:1000 W Consumption:8000 W] ess0[SoC:10 %|L:10000 W|Allowed:-10000;10000 W] levlWorkflow0[ActualDischargePowerW:10000 W|LevlDischargePowerW:10000 W|PrimaryUseCaseDischargePowerW:0 W|RealizedDischargePowerW:0 W] meterConsumption[8000 W] meterGrid[-3000 W] meterProduction[1000 W]
2024-08-28T18:39:14,017 [_cycle  ] INFO  [enems.edge.ess.power.api.Power] [Channel [SetActivePowerEquals]] reducing requested [17000 W] to maximum power [10000 W] for [ess0P]
2024-08-28T18:39:14,040 [f4d3eee)] INFO  [onent.AbstractOpenemsComponent] [levlWorkflowState0] Deactivate Levl.Workflow.State
2024-08-28T18:39:14,042 [f4d3eee)] INFO  [onent.AbstractOpenemsComponent] [levlWorkflowState0] Activate Levl.Workflow.State
2024-08-28T18:39:15,013 [_cycle  ] INFO  [r.workflow.LevlPowerCalculator] *********** remaining discharge energy Ws 1750000
2024-08-28T18:39:15,015 [_cycle  ] INFO  [ebuglog.ControllerDebugLogImpl] [ctrlDebugLog0] _sum[State:Ok Ess SoC:10 %|L:10000 W Grid:-3000 W Production:1000 W Consumption:8000 W] ess0[SoC:10 %|L:10000 W|Allowed:-10000;10000 W] levlWorkflow0[ActualDischargePowerW:10000 W|LevlDischargePowerW:10000 W|PrimaryUseCaseDischargePowerW:0 W|RealizedDischargePowerW:0 W] meterConsumption[8000 W] meterGrid[-3000 W] meterProduction[1000 W]
2024-08-28T18:39:15,016 [_cycle  ] INFO  [enems.edge.ess.power.api.Power] [Channel [SetActivePowerEquals]] reducing requested [17000 W] to maximum power [10000 W] for [ess0P]
2024-08-28T18:39:15,041 [f4d3eee)] INFO  [onent.AbstractOpenemsComponent] [levlWorkflowState0] Deactivate Levl.Workflow.State
2024-08-28T18:39:15,043 [f4d3eee)] INFO  [onent.AbstractOpenemsComponent] [levlWorkflowState0] Activate Levl.Workflow.State
2024-08-28T18:39:16,014 [_cycle  ] INFO  [r.workflow.LevlPowerCalculator] *********** remaining discharge energy Ws 1740000
2024-08-28T18:39:16,016 [_cycle  ] INFO  [ebuglog.ControllerDebugLogImpl] [ctrlDebugLog0] _sum[State:Ok Ess SoC:10 %|L:10000 W Grid:-3000 W Production:1000 W Consumption:8000 W] ess0[SoC:10 %|L:10000 W|Allowed:-10000;10000 W] levlWorkflow0[ActualDischargePowerW:10000 W|LevlDischargePowerW:10000 W|PrimaryUseCaseDischargePowerW:0 W|RealizedDischargePowerW:0 W] meterConsumption[8000 W] meterGrid[-3000 W] meterProduction[1000 W]
2024-08-28T18:39:16,018 [_cycle  ] INFO  [enems.edge.ess.power.api.Power] [Channel [SetActivePowerEquals]] reducing requested [17000 W] to maximum power [10000 W] for [ess0P]
2024-08-28T18:39:16,041 [f4d3eee)] INFO  [onent.AbstractOpenemsComponent] [levlWorkflowState0] Deactivate Levl.Workflow.State
2024-08-28T18:39:16,043 [f4d3eee)] INFO  [onent.AbstractOpenemsComponent] [levlWorkflowState0] Activate Levl.Workflow.State
2024-08-28T18:39:17,015 [_cycle  ] INFO  [r.workflow.LevlPowerCalculator] *********** remaining discharge energy Ws 1730000
2024-08-28T18:39:17,017 [_cycle  ] INFO  [ebuglog.ControllerDebugLogImpl] [ctrlDebugLog0] _sum[State:Ok Ess SoC:10 %|L:10000 W Grid:-3000 W Production:1000 W Consumption:8000 W] ess0[SoC:10 %|L:10000 W|Allowed:-10000;10000 W] levlWorkflow0[ActualDischargePowerW:10000 W|LevlDischargePowerW:10000 W|PrimaryUseCaseDischargePowerW:0 W|RealizedDischargePowerW:0 W] meterConsumption[8000 W] meterGrid[-3000 W] meterProduction[1000 W]
2024-08-28T18:39:17,018 [_cycle  ] INFO  [enems.edge.ess.power.api.Power] [Channel [SetActivePowerEquals]] reducing requested [17000 W] to maximum power [10000 W] for [ess0P]
2024-08-28T18:39:17,042 [f4d3eee)] INFO  [onent.AbstractOpenemsComponent] [levlWorkflowState0] Deactivate Levl.Workflow.State
2024-08-28T18:39:17,044 [f4d3eee)] INFO  [onent.AbstractOpenemsComponent] [levlWorkflowState0] Activate Levl.Workflow.State
2024-08-28T18:39:18,014 [_cycle  ] INFO  [r.workflow.LevlPowerCalculator] *********** remaining discharge energy Ws 1720000
2024-08-28T18:39:18,016 [_cycle  ] INFO  [ebuglog.ControllerDebugLogImpl] [ctrlDebugLog0] _sum[State:Ok Ess SoC:10 %|L:10000 W Grid:-3000 W Production:1000 W Consumption:8000 W] ess0[SoC:10 %|L:10000 W|Allowed:-10000;10000 W] levlWorkflow0[ActualDischargePowerW:10000 W|LevlDischargePowerW:10000 W|PrimaryUseCaseDischargePowerW:0 W|RealizedDischargePowerW:0 W] meterConsumption[8000 W] meterGrid[-3000 W] meterProduction[1000 W]
2024-08-28T18:39:18,017 [_cycle  ] INFO  [enems.edge.ess.power.api.Power] [Channel [SetActivePowerEquals]] reducing requested [17000 W] to maximum power [10000 W] for [ess0P]
2024-08-28T18:39:18,039 [f4d3eee)] INFO  [onent.AbstractOpenemsComponent] [levlWorkflowState0] Deactivate Levl.Workflow.State
2024-08-28T18:39:18,041 [f4d3eee)] INFO  [onent.AbstractOpenemsComponent] [levlWorkflowState0] Activate Levl.Workflow.State
