org.ops4j.pax.logging.pax-logging-api [org.ops4j.pax.logging.internal.Activator] INFO : Enabling Java Util Logging API support.
org.ops4j.pax.logging.pax-logging-api [org.ops4j.pax.logging.internal.Activator] INFO : Enabling SLF4J API support.
org.ops4j.pax.logging.pax-logging-api [org.ops4j.pax.logging.internal.Activator] INFO : Enabling Apache Commons Logging API support.
org.ops4j.pax.logging.pax-logging-api [org.ops4j.pax.logging.internal.Activator] INFO : Enabling JULI Logger API support.
org.ops4j.pax.logging.pax-logging-api [org.ops4j.pax.logging.internal.Activator] INFO : Enabling Avalon Logger API support.
org.ops4j.pax.logging.pax-logging-api [org.ops4j.pax.logging.internal.Activator] INFO : Enabling JBoss Logging API support.
org.ops4j.pax.logging.pax-logging-api [org.ops4j.pax.logging.internal.Activator] INFO : Enabling Log4J v1 API support.
org.ops4j.pax.logging.pax-logging-api [org.ops4j.pax.logging.internal.Activator] INFO : Enabling Log4J v2 API support.
org.ops4j.pax.logging.pax-logging-api [log4j2] INFO : Initializing Log4j2 using default configuration
org.ops4j.pax.logging.pax-logging-api [log4j2] INFO : Scanning for classes in '/org/ops4j/pax/logging/log4j2/internal/bridges/' matching criteria annotated with @Plugin
org.ops4j.pax.logging.pax-logging-api [log4j2] INFO : Scanning for classes in '/org/apache/logging/log4j/layout/template/json/' matching criteria annotated with @Plugin
org.ops4j.pax.logging.pax-logging-api [log4j2] INFO : Scanning for classes in '/org/apache/logging/log4j/layout/template/json/resolver/' matching criteria annotated with @Plugin
org.ops4j.pax.logging.pax-logging-api [log4j2] INFO : Scanning for classes in '/org/apache/logging/log4j/layout/template/json/util/' matching criteria annotated with @Plugin
org.ops4j.pax.logging.pax-logging-api [log4j2] INFO : Log4J2 configured using default configuration.
org.ops4j.pax.logging.pax-logging-log4j2 [org.ops4j.pax.logging.spi.support.EventAdminConfigurationNotifier] INFO : Sending Event Admin notification (configuration successful) to org/ops4j/pax/logging/Configuration
org.ops4j.pax.logging.pax-logging-api [log4j2] INFO : Log4J2 configured using configuration from passed properties
2024-08-28T18:41:39,466 [artLevel] INFO  [enems.edge.application.EdgeApp] ==================================
2024-08-28T18:41:39,466 [ogging])] INFO  [ventAdminConfigurationNotifier] Sending Event Admin notification (configuration successful) to org/ops4j/pax/logging/Configuration
2024-08-28T18:41:39,472 [artLevel] INFO  [enems.edge.application.EdgeApp] OpenEMS version [2024.8.0] started
2024-08-28T18:41:39,472 [artLevel] INFO  [enems.edge.application.EdgeApp] ==================================
2024-08-28T18:41:39,701 [artLevel] INFO  [onent.AbstractOpenemsComponent] [ctrlDebugLog0] Activate Controller.Debug.Log
2024-08-28T18:41:39,893 [artLevel] INFO  [onent.AbstractOpenemsComponent] [_power] Activate Ess.Power
2024-08-28T18:41:39,915 [artLevel] INFO  [onent.AbstractOpenemsComponent] [_evcsSlowPowerIncreaseFilter] Activate Evcs.SlowPowerIncreaseFilter
2024-08-28T18:41:40,041 [artLevel] INFO  [onent.AbstractOpenemsComponent] [meterGrid] Activate Simulator.GridMeter.Reacting
2024-08-28T18:41:40,184 [artLevel] INFO  [onent.AbstractOpenemsComponent] [_host] Activate Core.Host
2024-08-28T18:41:40,191 [artLevel] INFO  [onent.AbstractOpenemsComponent] [_meta] Activate Core.Meta
2024-08-28T18:41:40,259 [artLevel] INFO  [rg.eclipse.jetty.server.Server] jetty-11.0.22; built: 2024-06-27T16:27:26.756Z; git: e711d4c7040cb1e61aa68cb248fa7280b734a3bb; jvm 17.0.12+7-Ubuntu-1ubuntu222.04
2024-08-28T18:41:40,292 [artLevel] INFO  [ession.DefaultSessionIdManager] Session workerName=node0
2024-08-28T18:41:40,304 [artLevel] INFO  [.server.handler.ContextHandler] Started o.e.j.s.ServletContextHandler@514d9ff6{/,null,AVAILABLE}
2024-08-28T18:41:40,306 [artLevel] INFO  [rg.eclipse.jetty.server.Server] Started Server@45224ce3{STARTING}[11.0.22,sto=0] @4108ms
2024-08-28T18:41:40,363 [artLevel] INFO  [jetty.server.AbstractConnector] Started ServerConnector@56fb3a01{HTTP/1.1, (http/1.1)}{0.0.0.0:8080}
2024-08-28T18:41:40,365 [artLevel] INFO  [org.apache.felix.http         ] Started Jetty 11.0.22 at port(s) HTTP:8080 on context path / [minThreads=8,maxThreads=200,acceptors=2,selectors=8]
2024-08-28T18:41:40,433 [artLevel] INFO  [onent.AbstractOpenemsComponent] [_componentManager] Activate Core.ComponentManager
2024-08-28T18:41:40,447 [artLevel] INFO  [onent.AbstractOpenemsComponent] [datasourceConsumption] Activate Simulator.Datasource.CSV.Predefined
2024-08-28T18:41:40,459 [artLevel] INFO  [onent.AbstractOpenemsComponent] [meterConsumption] Activate Simulator.NRCMeter.Acting
2024-08-28T18:41:40,478 [artLevel] INFO  [onent.AbstractOpenemsComponent] [datasourceProduction] Activate Simulator.Datasource.Single.Direct
2024-08-28T18:41:40,486 [artLevel] INFO  [onent.AbstractOpenemsComponent] [meterProduction] Activate Simulator.ProductionMeter.Acting
2024-08-28T18:41:40,507 [artLevel] INFO  [onent.AbstractOpenemsComponent] [ess0] Activate Simulator.EssSymmetric.Reacting
2024-08-28T18:41:40,524 [artLevel] INFO  [onent.AbstractOpenemsComponent] [scheduler0] Activate Scheduler.AllAlphabetically
2024-08-28T18:41:40,724 [artLevel] INFO  [onent.AbstractOpenemsComponent] [_appManager] Activate Core.AppManager
2024-08-28T18:41:40,759 [artLevel] INFO  [onent.AbstractOpenemsComponent] [_predictorManager] Activate Core.PredictorManager
2024-08-28T18:41:40,780 [artLevel] INFO  [onent.AbstractOpenemsComponent] [_sum] Activate Core.Sum
2024-08-28T18:41:40,804 [artLevel] INFO  [onent.AbstractOpenemsComponent] [_energy] Activate Core.Energy
2024-08-28T18:41:40,856 [.Energy)] INFO  [onent.AbstractOpenemsComponent] [_energy] Modified Core.Energy
2024-08-28T18:41:40,858 [_energy ] INFO  [dge.energy.optimizer.Optimizer] # Start next run of Optimizer
2024-08-28T18:41:40,860 [_energy ] INFO  [dge.energy.optimizer.Optimizer] # Stuck trying to get Params. TimeOfUseTariff is not available
2024-08-28T18:41:40,863 [artLevel] INFO  [onent.AbstractOpenemsComponent] [_cycle] Activate Core.Cycle
2024-08-28T18:41:40,886 [_cycle  ] INFO  [andler.ComponentRequestHandler] Added '_host' to Component Apis.
2024-08-28T18:41:40,927 [_cycle  ] INFO  [andler.ComponentRequestHandler] Added '_appManager' to Component Apis.
2024-08-28T18:41:40,928 [_cycle  ] INFO  [andler.ComponentRequestHandler] Added '_energy' to Component Apis.
2024-08-28T18:41:40,939 [_cycle  ] INFO  [onent.AbstractOpenemsComponent] [ctrlApiRest0] Activate Controller.Api.Rest.ReadWrite
2024-08-28T18:41:40,945 [_cycle  ] INFO  [rg.eclipse.jetty.server.Server] jetty-11.0.22; built: 2024-06-27T16:27:26.756Z; git: e711d4c7040cb1e61aa68cb248fa7280b734a3bb; jvm 17.0.12+7-Ubuntu-1ubuntu222.04
2024-08-28T18:41:40,953 [_cycle  ] INFO  [jetty.server.AbstractConnector] Started ServerConnector@7696bfb2{HTTP/1.1, (http/1.1)}{0.0.0.0:8085}
2024-08-28T18:41:40,954 [_cycle  ] INFO  [rg.eclipse.jetty.server.Server] Started Server@7fb4baa6{STARTING}[11.0.22,sto=0] @4756ms
2024-08-28T18:41:40,955 [_cycle  ] INFO  [.ControllerApiRestReadOnlyImpl] [ctrlApiRest0] REST-Api Read-Write started on port [8085].
2024-08-28T18:41:40,982 [artLevel] INFO  [andler.ComponentRequestHandler] Added '_componentManager' to Component Apis.
2024-08-28T18:41:40,991 [_cycle  ] INFO  [ebuglog.ControllerDebugLogImpl] [ctrlDebugLog0] _componentManager[Defective:null[Unsatisfied reference for $000] ctrlLevlBalancing0[Missing Bundle] levlWorkflow0[Missing Bundle] levlWorkflowState0[Missing Bundle]|State:FAULT: A configured OpenEMS Component was not activated] _sum[State:Fault Ess SoC:50 % Grid:-7137 W Production:8000 W Consumption:863 W] ess0[SoC:50 %|L:UNDEFINED|Allowed:-10000;10000 W] meterConsumption[863 W] meterGrid[-7137 W] meterProduction[8000 W]
2024-08-28T18:41:40,997 [artLevel] INFO  [org.apache.felix.webconsole   ] org.apache.felix.webconsole.internal.compendium.PreferencesConfigurationPrinter not enabled. Reason: Class org/osgi/service/prefs/BackingStoreException missing
2024-08-28T18:41:41,022 [artLevel] INFO  [org.apache.felix.webconsole   ] Servlet 3 bridge enabled
2024-08-28T18:41:41,079 [artLevel] INFO  [onent.AbstractOpenemsComponent] [levlWorkflow0] Activate Levl.Workflow
2024-08-28T18:41:41,112 [artLevel] INFO  [onent.AbstractOpenemsComponent] [ctrlLevlBalancing0] Activate Controller.Levl.Symmetric.Balancing
2024-08-28T18:41:41,117 [artLevel] INFO  [andler.ComponentRequestHandler] Added 'levlWorkflow0' to Component Apis.
2024-08-28T18:41:41,120 [8ab82bc)] INFO  [onent.AbstractOpenemsComponent] [ctrlLevlBalancing0] Deactivate Controller.Levl.Symmetric.Balancing
2024-08-28T18:41:41,123 [8ab82bc)] INFO  [andler.ComponentRequestHandler] Removed 'levlWorkflow0' from Component Apis.
2024-08-28T18:41:41,124 [8ab82bc)] INFO  [onent.AbstractOpenemsComponent] [levlWorkflow0] Deactivate Levl.Workflow
2024-08-28T18:41:41,127 [artLevel] INFO  [onent.AbstractOpenemsComponent] [levlWorkflowState0] Activate Levl.Workflow.State
2024-08-28T18:41:41,131 [8ab82bc)] INFO  [onent.AbstractOpenemsComponent] [levlWorkflow0] Activate Levl.Workflow
2024-08-28T18:41:41,135 [8ab82bc)] INFO  [onent.AbstractOpenemsComponent] [ctrlLevlBalancing0] Activate Controller.Levl.Symmetric.Balancing
2024-08-28T18:41:41,138 [8ab82bc)] INFO  [andler.ComponentRequestHandler] Added 'levlWorkflow0' to Component Apis.
2024-08-28T18:41:41,874 [_cycle  ] INFO  [flow.LevlWorkflowComponentImpl] ### restored state from config
2024-08-28T18:41:41,879 [_cycle  ] INFO  [roller.workflow.DischargeState] Starting levl request: DischargeRequest{requestId='next-request', requestTimestamp=, dischargeEnergyWs=900000, influenceSellToGrid=true, start=2020-12-31T23:59:59.999999999, deadline=2030-12-31T23:59:59.999999999, active=true}
2024-08-28T18:41:41,880 [_cycle  ] INFO  [r.workflow.LevlPowerCalculator] *********** remaining discharge energy Ws 900000
2024-08-28T18:41:41,883 [_cycle  ] INFO  [ebuglog.ControllerDebugLogImpl] [ctrlDebugLog0] _sum[State:Ok Ess SoC:50 %|L:0 W Grid:-7231 W Production:8000 W Consumption:769 W] ess0[SoC:50 %|L:0 W|Allowed:-10000;10000 W] levlWorkflow0[ActualDischargePowerW:UNDEFINED|LevlDischargePowerW:UNDEFINED|PrimaryUseCaseDischargePowerW:UNDEFINED|RealizedDischargePowerW:UNDEFINED] meterConsumption[769 W] meterGrid[-7231 W] meterProduction[8000 W]
2024-08-28T18:41:41,923 [f4d3eee)] INFO  [onent.AbstractOpenemsComponent] [levlWorkflowState0] Deactivate Levl.Workflow.State
2024-08-28T18:41:41,925 [f4d3eee)] INFO  [onent.AbstractOpenemsComponent] [levlWorkflowState0] Activate Levl.Workflow.State
2024-08-28T18:41:42,869 [_cycle  ] INFO  [r.workflow.LevlPowerCalculator] *********** remaining discharge energy Ws 900000
2024-08-28T18:41:42,871 [_cycle  ] INFO  [ebuglog.ControllerDebugLogImpl] [ctrlDebugLog0] _sum[State:Ok Ess SoC:50 %|L:-7231 W Grid:-81 W Production:8000 W Consumption:688 W] ess0[SoC:50 %|L:-7231 W|Allowed:-10000;10000 W] levlWorkflow0[ActualDischargePowerW:-7231 W|LevlDischargePowerW:0 W|PrimaryUseCaseDischargePowerW:-7231 W|RealizedDischargePowerW:0 W] meterConsumption[688 W] meterGrid[-81 W] meterProduction[8000 W]
2024-08-28T18:41:42,898 [f4d3eee)] INFO  [onent.AbstractOpenemsComponent] [levlWorkflowState0] Deactivate Levl.Workflow.State
2024-08-28T18:41:42,901 [f4d3eee)] INFO  [onent.AbstractOpenemsComponent] [levlWorkflowState0] Activate Levl.Workflow.State
2024-08-28T18:41:43,869 [_cycle  ] INFO  [r.workflow.LevlPowerCalculator] *********** remaining discharge energy Ws 899081
2024-08-28T18:41:43,872 [_cycle  ] INFO  [ebuglog.ControllerDebugLogImpl] [ctrlDebugLog0] _sum[State:Ok Ess SoC:50 %|L:-6393 W Grid:-983 W Production:8000 W Consumption:624 W] ess0[SoC:50 %|L:-6393 W|Allowed:-10000;10000 W] levlWorkflow0[ActualDischargePowerW:-6393 W|LevlDischargePowerW:919 W|PrimaryUseCaseDischargePowerW:-7312 W|RealizedDischargePowerW:0 W] meterConsumption[624 W] meterGrid[-983 W] meterProduction[8000 W]
2024-08-28T18:41:43,899 [f4d3eee)] INFO  [onent.AbstractOpenemsComponent] [levlWorkflowState0] Deactivate Levl.Workflow.State
2024-08-28T18:41:43,902 [f4d3eee)] INFO  [onent.AbstractOpenemsComponent] [levlWorkflowState0] Activate Levl.Workflow.State
2024-08-28T18:41:44,868 [_cycle  ] INFO  [r.workflow.LevlPowerCalculator] *********** remaining discharge energy Ws 898145
2024-08-28T18:41:44,871 [_cycle  ] INFO  [ebuglog.ControllerDebugLogImpl] [ctrlDebugLog0] _sum[State:Ok Ess SoC:50 %|L:-6440 W Grid:-980 W Production:8000 W Consumption:580 W] ess0[SoC:50 %|L:-6440 W|Allowed:-10000;10000 W] levlWorkflow0[ActualDischargePowerW:-6440 W|LevlDischargePowerW:936 W|PrimaryUseCaseDischargePowerW:-7376 W|RealizedDischargePowerW:0 W] meterConsumption[580 W] meterGrid[-980 W] meterProduction[8000 W]
2024-08-28T18:41:44,895 [f4d3eee)] INFO  [onent.AbstractOpenemsComponent] [levlWorkflowState0] Deactivate Levl.Workflow.State
2024-08-28T18:41:44,897 [f4d3eee)] INFO  [onent.AbstractOpenemsComponent] [levlWorkflowState0] Activate Levl.Workflow.State
2024-08-28T18:41:45,869 [_cycle  ] INFO  [r.workflow.LevlPowerCalculator] *********** remaining discharge energy Ws 897189
2024-08-28T18:41:45,871 [_cycle  ] INFO  [ebuglog.ControllerDebugLogImpl] [ctrlDebugLog0] _sum[State:Ok Ess SoC:50 %|L:-6464 W Grid:-984 W Production:8000 W Consumption:552 W] ess0[SoC:50 %|L:-6464 W|Allowed:-10000;10000 W] levlWorkflow0[ActualDischargePowerW:-6464 W|LevlDischargePowerW:956 W|PrimaryUseCaseDischargePowerW:-7420 W|RealizedDischargePowerW:0 W] meterConsumption[552 W] meterGrid[-984 W] meterProduction[8000 W]
2024-08-28T18:41:45,897 [f4d3eee)] INFO  [onent.AbstractOpenemsComponent] [levlWorkflowState0] Deactivate Levl.Workflow.State
2024-08-28T18:41:45,899 [f4d3eee)] INFO  [onent.AbstractOpenemsComponent] [levlWorkflowState0] Activate Levl.Workflow.State
2024-08-28T18:41:46,869 [_cycle  ] INFO  [r.workflow.LevlPowerCalculator] *********** remaining discharge energy Ws 896217
2024-08-28T18:41:46,871 [_cycle  ] INFO  [ebuglog.ControllerDebugLogImpl] [ctrlDebugLog0] _sum[State:Ok Ess SoC:50 %|L:-6476 W Grid:-988 W Production:8000 W Consumption:536 W] ess0[SoC:50 %|L:-6476 W|Allowed:-10000;10000 W] levlWorkflow0[ActualDischargePowerW:-6476 W|LevlDischargePowerW:972 W|PrimaryUseCaseDischargePowerW:-7448 W|RealizedDischargePowerW:0 W] meterConsumption[536 W] meterGrid[-988 W] meterProduction[8000 W]
2024-08-28T18:41:46,896 [f4d3eee)] INFO  [onent.AbstractOpenemsComponent] [levlWorkflowState0] Deactivate Levl.Workflow.State
2024-08-28T18:41:46,898 [f4d3eee)] INFO  [onent.AbstractOpenemsComponent] [levlWorkflowState0] Activate Levl.Workflow.State
2024-08-28T18:41:47,869 [_cycle  ] INFO  [r.workflow.LevlPowerCalculator] *********** remaining discharge energy Ws 895233
2024-08-28T18:41:47,871 [_cycle  ] INFO  [ebuglog.ControllerDebugLogImpl] [ctrlDebugLog0] _sum[State:Ok Ess SoC:50 %|L:-6480 W Grid:-996 W Production:8000 W Consumption:524 W] ess0[SoC:50 %|L:-6480 W|Allowed:-10000;10000 W] levlWorkflow0[ActualDischargePowerW:-6480 W|LevlDischargePowerW:984 W|PrimaryUseCaseDischargePowerW:-7464 W|RealizedDischargePowerW:0 W] meterConsumption[524 W] meterGrid[-996 W] meterProduction[8000 W]
2024-08-28T18:41:47,897 [f4d3eee)] INFO  [onent.AbstractOpenemsComponent] [levlWorkflowState0] Deactivate Levl.Workflow.State
2024-08-28T18:41:47,898 [f4d3eee)] INFO  [onent.AbstractOpenemsComponent] [levlWorkflowState0] Activate Levl.Workflow.State
2024-08-28T18:41:48,869 [_cycle  ] INFO  [r.workflow.LevlPowerCalculator] *********** remaining discharge energy Ws 894245
2024-08-28T18:41:48,871 [_cycle  ] INFO  [ebuglog.ControllerDebugLogImpl] [ctrlDebugLog0] _sum[State:Ok Ess SoC:50 %|L:-6488 W Grid:-999 W Production:8000 W Consumption:513 W] ess0[SoC:50 %|L:-6488 W|Allowed:-10000;10000 W] levlWorkflow0[ActualDischargePowerW:-6488 W|LevlDischargePowerW:988 W|PrimaryUseCaseDischargePowerW:-7476 W|RealizedDischargePowerW:0 W] meterConsumption[513 W] meterGrid[-999 W] meterProduction[8000 W]
2024-08-28T18:41:48,896 [f4d3eee)] INFO  [onent.AbstractOpenemsComponent] [levlWorkflowState0] Deactivate Levl.Workflow.State
2024-08-28T18:41:48,898 [f4d3eee)] INFO  [onent.AbstractOpenemsComponent] [levlWorkflowState0] Activate Levl.Workflow.State
2024-08-28T18:41:49,869 [_cycle  ] INFO  [r.workflow.LevlPowerCalculator] *********** remaining discharge energy Ws 893256
2024-08-28T18:41:49,871 [_cycle  ] INFO  [ebuglog.ControllerDebugLogImpl] [ctrlDebugLog0] _sum[State:Ok Ess SoC:50 %|L:-6498 W Grid:-1000 W Production:8000 W Consumption:502 W] ess0[SoC:50 %|L:-6498 W|Allowed:-10000;10000 W] levlWorkflow0[ActualDischargePowerW:-6498 W|LevlDischargePowerW:989 W|PrimaryUseCaseDischargePowerW:-7487 W|RealizedDischargePowerW:0 W] meterConsumption[502 W] meterGrid[-1000 W] meterProduction[8000 W]
2024-08-28T18:41:49,896 [f4d3eee)] INFO  [onent.AbstractOpenemsComponent] [levlWorkflowState0] Deactivate Levl.Workflow.State
2024-08-28T18:41:49,898 [f4d3eee)] INFO  [onent.AbstractOpenemsComponent] [levlWorkflowState0] Activate Levl.Workflow.State
