levlWorkflow0[Missing Bundle] levlWorkflowState0[Missing Bundle]|State:FAULT: A configured OpenEMS Component was not activated] _sum[State:Fault Ess SoC:50 % Grid:-7137 W Production:8000 W Consumption:863 W] ess0[SoC:50 %|L:UNDEFINED|Allowed:-10000;10000 W] meterConsumption[863 W] meterGrid[-7137 W] meterProduction[8000 W]
levlWorkflow0] Activate Levl.Workflow
levlWorkflow0' to Component Apis.
levlWorkflow0' from Component Apis.
levlWorkflow0] Deactivate Levl.Workflow
levlWorkflow0] Activate Levl.Workflow
levlWorkflow0' to Component Apis.
levlWorkflow0[ActualDischargePowerW:UNDEFINED|LevlDischargePowerW:UNDEFINED|PrimaryUseCaseDischargePowerW:UNDEFINED|RealizedDischargePowerW:UNDEFINED] meterConsumption[769 W] meterGrid[-7231 W] meterProduction[8000 W]
levlWorkflow0[ActualDischargePowerW:-7231 W|LevlDischargePowerW:0 W|PrimaryUseCaseDischargePowerW:-7231 W|RealizedDischargePowerW:0 W] meterConsumption[688 W] meterGrid[-81 W] meterProduction[8000 W]
levlWorkflow0[ActualDischargePowerW:-6393 W|LevlDischargePowerW:919 W|PrimaryUseCaseDischargePowerW:-7312 W|RealizedDischargePowerW:0 W] meterConsumption[624 W] meterGrid[-983 W] meterProduction[8000 W]
levlWorkflow0[ActualDischargePowerW:-6440 W|LevlDischargePowerW:936 W|PrimaryUseCaseDischargePowerW:-7376 W|RealizedDischargePowerW:0 W] meterConsumption[580 W] meterGrid[-980 W] meterProduction[8000 W]
levlWorkflow0[ActualDischargePowerW:-6464 W|LevlDischargePowerW:956 W|PrimaryUseCaseDischargePowerW:-7420 W|RealizedDischargePowerW:0 W] meterConsumption[552 W] meterGrid[-984 W] meterProduction[8000 W]
levlWorkflow0[ActualDischargePowerW:-6476 W|LevlDischargePowerW:972 W|PrimaryUseCaseDischargePowerW:-7448 W|RealizedDischargePowerW:0 W] meterConsumption[536 W] meterGrid[-988 W] meterProduction[8000 W]
levlWorkflow0[ActualDischargePowerW:-6480 W|LevlDischargePowerW:984 W|PrimaryUseCaseDischargePowerW:-7464 W|RealizedDischargePowerW:0 W] meterConsumption[524 W] meterGrid[-996 W] meterProduction[8000 W]
levlWorkflow0[ActualDischargePowerW:-6488 W|LevlDischargePowerW:988 W|PrimaryUseCaseDischargePowerW:-7476 W|RealizedDischargePowerW:0 W] meterConsumption[513 W] meterGrid[-999 W] meterProduction[8000 W]
levlWorkflow0[ActualDischargePowerW:-6498 W|LevlDischargePowerW:989 W|PrimaryUseCaseDischargePowerW:-7487 W|RealizedDischargePowerW:0 W] meterConsumption[502 W] meterGrid[-1000 W] meterProduction[8000 W]
