org.ops4j.pax.logging.pax-logging-api [org.ops4j.pax.logging.internal.Activator] INFO : Enabling Java Util Logging API support.
org.ops4j.pax.logging.pax-logging-api [org.ops4j.pax.logging.internal.Activator] INFO : Enabling SLF4J API support.
org.ops4j.pax.logging.pax-logging-api [org.ops4j.pax.logging.internal.Activator] INFO : Enabling Apache Commons Logging API support.
org.ops4j.pax.logging.pax-logging-api [org.ops4j.pax.logging.internal.Activator] INFO : Enabling JULI Logger API support.
org.ops4j.pax.logging.pax-logging-api [org.ops4j.pax.logging.internal.Activator] INFO : Enabling Avalon Logger API support.
org.ops4j.pax.logging.pax-logging-api [org.ops4j.pax.logging.internal.Activator] INFO : Enabling JBoss Logging API support.
org.ops4j.pax.logging.pax-logging-api [org.ops4j.pax.logging.internal.Activator] INFO : Enabling Log4J v1 API support.
org.ops4j.pax.logging.pax-logging-api [org.ops4j.pax.logging.internal.Activator] INFO : Enabling Log4J v2 API support.
org.ops4j.pax.logging.pax-logging-api [log4j2] INFO : Initializing Log4j2 using default configuration
org.ops4j.pax.logging.pax-logging-api [log4j2] INFO : Scanning for classes in '/org/ops4j/pax/logging/log4j2/internal/bridges/' matching criteria annotated with @Plugin
org.ops4j.pax.logging.pax-logging-api [log4j2] INFO : Scanning for classes in '/org/apache/logging/log4j/layout/template/json/' matching criteria annotated with @Plugin
org.ops4j.pax.logging.pax-logging-api [log4j2] INFO : Scanning for classes in '/org/apache/logging/log4j/layout/template/json/resolver/' matching criteria annotated with @Plugin
org.ops4j.pax.logging.pax-logging-api [log4j2] INFO : Scanning for classes in '/org/apache/logging/log4j/layout/template/json/util/' matching criteria annotated with @Plugin
org.ops4j.pax.logging.pax-logging-api [log4j2] INFO : Log4J2 configured using default configuration.
org.ops4j.pax.logging.pax-logging-log4j2 [org.ops4j.pax.logging.spi.support.EventAdminConfigurationNotifier] INFO : Sending Event Admin notification (configuration successful) to org/ops4j/pax/logging/Configuration
org.ops4j.pax.logging.pax-logging-api [log4j2] INFO : Log4J2 configured using configuration from passed properties
2024-08-28T18:41:05,830 [ogging])] INFO  [ventAdminConfigurationNotifier] Sending Event Admin notification (configuration successful) to org/ops4j/pax/logging/Configuration
2024-08-28T18:41:05,830 [artLevel] INFO  [enems.edge.application.EdgeApp] ==================================
2024-08-28T18:41:05,838 [artLevel] INFO  [enems.edge.application.EdgeApp] OpenEMS version [2024.8.0] started
2024-08-28T18:41:05,839 [artLevel] INFO  [enems.edge.application.EdgeApp] ==================================
2024-08-28T18:41:06,084 [artLevel] INFO  [onent.AbstractOpenemsComponent] [ctrlDebugLog0] Activate Controller.Debug.Log
2024-08-28T18:41:06,303 [artLevel] INFO  [onent.AbstractOpenemsComponent] [_power] Activate Ess.Power
2024-08-28T18:41:06,326 [artLevel] INFO  [onent.AbstractOpenemsComponent] [_evcsSlowPowerIncreaseFilter] Activate Evcs.SlowPowerIncreaseFilter
2024-08-28T18:41:06,487 [artLevel] INFO  [onent.AbstractOpenemsComponent] [meterGrid] Activate Simulator.GridMeter.Reacting
2024-08-28T18:41:06,645 [artLevel] INFO  [onent.AbstractOpenemsComponent] [_host] Activate Core.Host
2024-08-28T18:41:06,655 [artLevel] INFO  [onent.AbstractOpenemsComponent] [_meta] Activate Core.Meta
2024-08-28T18:41:06,720 [artLevel] INFO  [rg.eclipse.jetty.server.Server] jetty-11.0.22; built: 2024-06-27T16:27:26.756Z; git: e711d4c7040cb1e61aa68cb248fa7280b734a3bb; jvm 17.0.12+7-Ubuntu-1ubuntu222.04
2024-08-28T18:41:06,751 [artLevel] INFO  [ession.DefaultSessionIdManager] Session workerName=node0
2024-08-28T18:41:06,762 [artLevel] INFO  [.server.handler.ContextHandler] Started o.e.j.s.ServletContextHandler@4b7d3968{/,null,AVAILABLE}
2024-08-28T18:41:06,765 [artLevel] INFO  [rg.eclipse.jetty.server.Server] Started Server@2b7bd8ac{STARTING}[11.0.22,sto=0] @4331ms
2024-08-28T18:41:06,805 [artLevel] INFO  [jetty.server.AbstractConnector] Started ServerConnector@30314eb5{HTTP/1.1, (http/1.1)}{0.0.0.0:8080}
2024-08-28T18:41:06,806 [artLevel] INFO  [org.apache.felix.http         ] Started Jetty 11.0.22 at port(s) HTTP:8080 on context path / [minThreads=8,maxThreads=200,acceptors=2,selectors=8]
2024-08-28T18:41:06,886 [artLevel] INFO  [onent.AbstractOpenemsComponent] [_componentManager] Activate Core.ComponentManager
2024-08-28T18:41:06,900 [artLevel] INFO  [onent.AbstractOpenemsComponent] [datasourceConsumption] Activate Simulator.Datasource.Single.Direct
2024-08-28T18:41:06,912 [artLevel] INFO  [onent.AbstractOpenemsComponent] [meterConsumption] Activate Simulator.NRCMeter.Acting
2024-08-28T18:41:06,929 [artLevel] INFO  [onent.AbstractOpenemsComponent] [datasourceProduction] Activate Simulator.Datasource.Single.Direct
2024-08-28T18:41:06,942 [artLevel] INFO  [onent.AbstractOpenemsComponent] [meterProduction] Activate Simulator.ProductionMeter.Acting
2024-08-28T18:41:06,960 [artLevel] INFO  [onent.AbstractOpenemsComponent] [ess0] Activate Simulator.EssSymmetric.Reacting
2024-08-28T18:41:07,144 [artLevel] INFO  [onent.AbstractOpenemsComponent] [_appManager] Activate Core.AppManager
2024-08-28T18:41:07,180 [artLevel] INFO  [onent.AbstractOpenemsComponent] [_predictorManager] Activate Core.PredictorManager
2024-08-28T18:41:07,197 [artLevel] INFO  [onent.AbstractOpenemsComponent] [_sum] Activate Core.Sum
2024-08-28T18:41:07,243 [artLevel] INFO  [onent.AbstractOpenemsComponent] [_energy] Activate Core.Energy
2024-08-28T18:41:07,286 [.Energy)] INFO  [onent.AbstractOpenemsComponent] [_energy] Modified Core.Energy
2024-08-28T18:41:07,287 [_energy ] INFO  [dge.energy.optimizer.Optimizer] # Start next run of Optimizer
2024-08-28T18:41:07,290 [_energy ] INFO  [dge.energy.optimizer.Optimizer] # Stuck trying to get Params. TimeOfUseTariff is not available
2024-08-28T18:41:07,292 [artLevel] INFO  [onent.AbstractOpenemsComponent] [_cycle] Activate Core.Cycle
2024-08-28T18:41:07,313 [artLevel] INFO  [andler.ComponentRequestHandler] Added '_host' to Component Apis.
2024-08-28T18:41:07,339 [artLevel] INFO  [andler.ComponentRequestHandler] Added '_componentManager' to Component Apis.
2024-08-28T18:41:07,360 [artLevel] INFO  [andler.ComponentRequestHandler] Added '_appManager' to Component Apis.
2024-08-28T18:41:07,361 [artLevel] INFO  [andler.ComponentRequestHandler] Added '_energy' to Component Apis.
2024-08-28T18:41:07,373 [artLevel] INFO  [onent.AbstractOpenemsComponent] [ctrlApiRest0] Activate Controller.Api.Rest.ReadWrite
2024-08-28T18:41:07,377 [artLevel] INFO  [rg.eclipse.jetty.server.Server] jetty-11.0.22; built: 2024-06-27T16:27:26.756Z; git: e711d4c7040cb1e61aa68cb248fa7280b734a3bb; jvm 17.0.12+7-Ubuntu-1ubuntu222.04
2024-08-28T18:41:07,383 [artLevel] INFO  [jetty.server.AbstractConnector] Started ServerConnector@79afb89d{HTTP/1.1, (http/1.1)}{0.0.0.0:8085}
2024-08-28T18:41:07,384 [artLevel] INFO  [rg.eclipse.jetty.server.Server] Started Server@126caf76{STARTING}[11.0.22,sto=0] @4951ms
2024-08-28T18:41:07,385 [artLevel] INFO  [.ControllerApiRestReadOnlyImpl] [ctrlApiRest0] REST-Api Read-Write started on port [8085].
2024-08-28T18:41:07,391 [artLevel] INFO  [onent.AbstractOpenemsComponent] [scheduler0] Activate Scheduler.AllAlphabetically
2024-08-28T18:41:07,408 [artLevel] INFO  [org.apache.felix.webconsole   ] org.apache.felix.webconsole.internal.compendium.PreferencesConfigurationPrinter not enabled. Reason: Class org/osgi/service/prefs/BackingStoreException missing
2024-08-28T18:41:07,415 [_cycle  ] INFO  [ebuglog.ControllerDebugLogImpl] [ctrlDebugLog0] _componentManager[Defective:null[Unsatisfied reference for $000,$003,$004] _sum[Unsatisfied reference for componentManager] ctrlApiRest0[Unsatisfied reference for componentManager] _cycle[Unsatisfied reference for componentManager,sumComponent] _appManager[Unsatisfied reference for appValidateWorker,backendUtil,componentManager,componentUtil,csoAppManagerAppHelper] ess0[Unsatisfied reference for componentManager] datasourceProduction[Unsatisfied reference for componentManager] meterProduction[Unsatisfied reference for datasource ((&(enabled=true)(!(service.pid=Simulator.ProductionMeter.Acting.0643464b-efb0-4449-b551-c3b3163c07ef))(|(id=datasourceProduction))))] ctrlLevlBalancing0[Missing Bundle] levlWorkflow0[Missing Bundle] _predictorManager[Unsatisfied reference for componentManager] scheduler0[Unsatisfied reference for componentManager]|State:FAULT: A configured OpenEMS Component was not activated] _sum[State:Fault Ess SoC:89 % Grid:400 W Production:2000 W Consumption:2400 W] ess0[SoC:89 %|L:UNDEFINED|Allowed:-10000;10000 W] meterConsumption[2400 W] meterGrid[400 W] meterProduction[2000 W]
2024-08-28T18:41:07,439 [artLevel] INFO  [org.apache.felix.webconsole   ] Servlet 3 bridge enabled
2024-08-28T18:41:07,498 [artLevel] INFO  [onent.AbstractOpenemsComponent] [levlWorkflow0] Activate Levl.Workflow
2024-08-28T18:41:07,500 [artLevel] INFO  [andler.ComponentRequestHandler] Added 'levlWorkflow0' to Component Apis.
2024-08-28T18:41:07,508 [artLevel] INFO  [onent.AbstractOpenemsComponent] [ctrlLevlBalancing0] Activate Controller.Levl.Symmetric.Balancing
2024-08-28T18:41:08,298 [_cycle  ] INFO  [r.workflow.LevlPowerCalculator] *********** remaining discharge energy Ws 0
2024-08-28T18:41:08,302 [_cycle  ] INFO  [ebuglog.ControllerDebugLogImpl] [ctrlDebugLog0] _componentManager[Defective:null[Unsatisfied reference for $000,$003,$004] _sum[Unsatisfied reference for componentManager] ctrlApiRest0[Unsatisfied reference for componentManager] _cycle[Unsatisfied reference for componentManager,sumComponent] _appManager[Unsatisfied reference for appValidateWorker,backendUtil,componentManager,componentUtil,csoAppManagerAppHelper] ess0[Unsatisfied reference for componentManager] datasourceProduction[Unsatisfied reference for componentManager] meterProduction[Unsatisfied reference for datasource ((&(enabled=true)(!(service.pid=Simulator.ProductionMeter.Acting.0643464b-efb0-4449-b551-c3b3163c07ef))(|(id=datasourceProduction))))] ctrlLevlBalancing0[Missing Bundle] levlWorkflow0[Missing Bundle] _predictorManager[Unsatisfied reference for componentManager] scheduler0[Unsatisfied reference for componentManager]|State:FAULT: A configured OpenEMS Component was not activated] _sum[State:Fault Ess SoC:89 %|L:0 W Grid:200 W Production:2100 W Consumption:2300 W] ess0[SoC:89 %|L:0 W|Allowed:-10000;10000 W] levlWorkflow0[ActualDischargePowerW:UNDEFINED|LevlDischargePowerW:UNDEFINED|PrimaryUseCaseDischargePowerW:UNDEFINED|RealizedDischargePowerW:UNDEFINED] meterConsumption[2300 W] meterGrid[200 W] meterProduction[2100 W]
2024-08-28T18:41:09,297 [_cycle  ] INFO  [r.workflow.LevlPowerCalculator] *********** remaining discharge energy Ws 0
2024-08-28T18:41:09,300 [_cycle  ] INFO  [ebuglog.ControllerDebugLogImpl] [ctrlDebugLog0] _componentManager[Defective:null[Unsatisfied reference for $000,$003,$004] _sum[Unsatisfied reference for componentManager] ctrlApiRest0[Unsatisfied reference for componentManager] _cycle[Unsatisfied reference for componentManager,sumComponent] _appManager[Unsatisfied reference for appValidateWorker,backendUtil,componentManager,componentUtil,csoAppManagerAppHelper] ess0[Unsatisfied reference for componentManager] datasourceProduction[Unsatisfied reference for componentManager] meterProduction[Unsatisfied reference for datasource ((&(enabled=true)(!(service.pid=Simulator.ProductionMeter.Acting.0643464b-efb0-4449-b551-c3b3163c07ef))(|(id=datasourceProduction))))] ctrlLevlBalancing0[Missing Bundle] levlWorkflow0[Missing Bundle] _predictorManager[Unsatisfied reference for componentManager] scheduler0[Unsatisfied reference for componentManager]|State:FAULT: A configured OpenEMS Component was not activated] _sum[State:Fault Ess SoC:89 %|L:200 W Grid:-200 W Production:2200 W Consumption:2200 W] ess0[SoC:89 %|L:200 W|Allowed:-10000;10000 W] levlWorkflow0[ActualDischargePowerW:200 W|LevlDischargePowerW:0 W|PrimaryUseCaseDischargePowerW:200 W|RealizedDischargePowerW:0 W] meterConsumption[2200 W] meterGrid[-200 W] meterProduction[2200 W]
2024-08-28T18:41:10,297 [_cycle  ] INFO  [r.workflow.LevlPowerCalculator] *********** remaining discharge energy Ws 0
2024-08-28T18:41:10,301 [_cycle  ] INFO  [ebuglog.ControllerDebugLogImpl] [ctrlDebugLog0] _componentManager[Defective:null[Unsatisfied reference for $000,$003,$004] _sum[Unsatisfied reference for componentManager] ctrlApiRest0[Unsatisfied reference for componentManager] _cycle[Unsatisfied reference for componentManager,sumComponent] _appManager[Unsatisfied reference for appValidateWorker,backendUtil,componentManager,componentUtil,csoAppManagerAppHelper] ess0[Unsatisfied reference for componentManager] datasourceProduction[Unsatisfied reference for componentManager] meterProduction[Unsatisfied reference for datasource ((&(enabled=true)(!(service.pid=Simulator.ProductionMeter.Acting.0643464b-efb0-4449-b551-c3b3163c07ef))(|(id=datasourceProduction))))] ctrlLevlBalancing0[Missing Bundle] levlWorkflow0[Missing Bundle] _predictorManager[Unsatisfied reference for componentManager] scheduler0[Unsatisfied reference for componentManager]|State:FAULT: A configured OpenEMS Component was not activated] _sum[State:Fault Ess SoC:89 %|L:0 W Grid:-200 W Production:2300 W Consumption:2100 W] ess0[SoC:89 %|L:0 W|Allowed:-10000;10000 W] levlWorkflow0[ActualDischargePowerW:0 W|LevlDischargePowerW:0 W|PrimaryUseCaseDischargePowerW:0 W|RealizedDischargePowerW:0 W] meterConsumption[2100 W] meterGrid[-200 W] meterProduction[2300 W]
2024-08-28T18:41:10,482 [0309-100] INFO  [edge.core.user.UserServiceImpl] Authentication successful with password only for user [Admin].
2024-08-28T18:41:10,484 [0309-100] INFO  [ontroller.api.rest.RestHandler] [ctrlApiRest0] REST/JsonRpc call by User [Admin]: {"method":"componentJsonApi","params":{"componentId":"levlWorkflow0","payload":{"method":"sendLev...
2024-08-28T18:41:10,492 [0309-100] INFO  [roller.workflow.DischargeState] Received new levl request: DischargeRequest{requestId='req-2023-01-02 15:00:00 +0000 UTC', requestTimestamp=2023-01-02 15:00:00 +0000 UTC, dischargeEnergyWs=-900000, influenceSellToGrid=false, start=2024-08-28T18:41:10.487360723, deadline=2024-08-28T18:56:00.487360723, active=true}
2024-08-28T18:41:11,298 [_cycle  ] INFO  [roller.workflow.DischargeState] Starting levl request: DischargeRequest{requestId='req-2023-01-02 15:00:00 +0000 UTC', requestTimestamp=2023-01-02 15:00:00 +0000 UTC, dischargeEnergyWs=-900000, influenceSellToGrid=false, start=2024-08-28T18:41:10.487360723, deadline=2024-08-28T18:56:00.487360723, active=true}
2024-08-28T18:41:11,299 [_cycle  ] INFO  [r.workflow.LevlPowerCalculator] *********** remaining discharge energy Ws -900000
2024-08-28T18:41:11,303 [_cycle  ] INFO  [ebuglog.ControllerDebugLogImpl] [ctrlDebugLog0] _componentManager[Defective:null[Unsatisfied reference for $000,$003,$004] _sum[Unsatisfied reference for componentManager] ctrlApiRest0[Unsatisfied reference for componentManager] _cycle[Unsatisfied reference for componentManager,sumComponent] _appManager[Unsatisfied reference for appValidateWorker,backendUtil,componentManager,componentUtil,csoAppManagerAppHelper] ess0[Unsatisfied reference for componentManager] datasourceProduction[Unsatisfied reference for componentManager] meterProduction[Unsatisfied reference for datasource ((&(enabled=true)(!(service.pid=Simulator.ProductionMeter.Acting.0643464b-efb0-4449-b551-c3b3163c07ef))(|(id=datasourceProduction))))] ctrlLevlBalancing0[Missing Bundle] levlWorkflow0[Missing Bundle] _predictorManager[Unsatisfied reference for componentManager] scheduler0[Unsatisfied reference for componentManager]|State:FAULT: A configured OpenEMS Component was not activated] _sum[State:Fault Ess SoC:89 %|L:-200 W Grid:-200 W Production:2400 W Consumption:2000 W] ess0[SoC:89 %|L:-200 W|Allowed:-10000;10000 W] levlWorkflow0[ActualDischargePowerW:-200 W|LevlDischargePowerW:0 W|PrimaryUseCaseDischargePowerW:-200 W|RealizedDischargePowerW:0 W] meterConsumption[2000 W] meterGrid[-200 W] meterProduction[2400 W]
2024-08-28T18:41:12,299 [_cycle  ] INFO  [r.workflow.LevlPowerCalculator] *********** remaining discharge energy Ws -900000
2024-08-28T18:41:12,301 [_cycle  ] INFO  [ebuglog.ControllerDebugLogImpl] [ctrlDebugLog0] _sum[State:Ok Ess SoC:89 %|L:-400 W Grid:800 W Production:2000 W Consumption:2400 W] ess0[SoC:89 %|L:-400 W|Allowed:-10000;10000 W] levlWorkflow0[ActualDischargePowerW:-400 W|LevlDischargePowerW:0 W|PrimaryUseCaseDischargePowerW:-400 W|RealizedDischargePowerW:0 W] meterConsumption[2400 W] meterGrid[800 W] meterProduction[2000 W]
2024-08-28T18:41:13,298 [_cycle  ] INFO  [r.workflow.LevlPowerCalculator] *********** remaining discharge energy Ws -890300
2024-08-28T18:41:13,300 [_cycle  ] INFO  [ebuglog.ControllerDebugLogImpl] [ctrlDebugLog0] _sum[State:Ok Ess SoC:89 %|L:-9300 W Grid:9500 W Production:2100 W Consumption:2300 W] ess0[SoC:89 %|L:-9300 W|Allowed:-10000;10000 W] levlWorkflow0[ActualDischargePowerW:-9300 W|LevlDischargePowerW:-9700 W|PrimaryUseCaseDischargePowerW:400 W|RealizedDischargePowerW:0 W] meterConsumption[2300 W] meterGrid[9500 W] meterProduction[2100 W]
2024-08-28T18:41:13,304 [_cycle  ] INFO  [enems.edge.ess.power.api.Power] [Channel [SetActivePowerEquals]] increasing requested [-10500 W] to minimum power [-10000 W] for [ess0P]
2024-08-28T18:41:13,305 [_cycle  ] INFO  [enems.edge.ess.power.api.Power] [Channel [SetReactivePowerEquals]] reducing requested [0 W] to maximum power [-1 W] for [ess0Q]
2024-08-28T18:41:13,306 [_cycle  ] INFO  [enems.edge.ess.power.api.Power] [Channel [SetReactivePowerEquals]] increasing requested [-1 W] to minimum power [0 W] for [ess0Q]
2024-08-28T18:41:14,299 [_cycle  ] INFO  [r.workflow.LevlPowerCalculator] *********** remaining discharge energy Ws -880100
2024-08-28T18:41:14,301 [_cycle  ] INFO  [ebuglog.ControllerDebugLogImpl] [ctrlDebugLog0] _sum[State:Ok Ess SoC:89 %|L:-10000 W Grid:10000 W Production:2200 W Consumption:2200 W] ess0[SoC:89 %|L:-10000 W|Allowed:-10000;10000 W] levlWorkflow0[ActualDischargePowerW:-10000 W|LevlDischargePowerW:-10200 W|PrimaryUseCaseDischargePowerW:200 W|RealizedDischargePowerW:0 W] meterConsumption[2200 W] meterGrid[10000 W] meterProduction[2200 W]
2024-08-28T18:41:14,303 [_cycle  ] INFO  [enems.edge.ess.power.api.Power] [Channel [SetActivePowerEquals]] increasing requested [-10700 W] to minimum power [-10000 W] for [ess0P]
2024-08-28T18:41:14,303 [_cycle  ] INFO  [enems.edge.ess.power.api.Power] [Channel [SetReactivePowerEquals]] reducing requested [0 W] to maximum power [-1 W] for [ess0Q]
2024-08-28T18:41:14,304 [_cycle  ] INFO  [enems.edge.ess.power.api.Power] [Channel [SetReactivePowerEquals]] increasing requested [-1 W] to minimum power [0 W] for [ess0Q]
2024-08-28T18:41:15,300 [_cycle  ] INFO  [r.workflow.LevlPowerCalculator] *********** remaining discharge energy Ws -870100
2024-08-28T18:41:15,301 [_cycle  ] INFO  [ebuglog.ControllerDebugLogImpl] [ctrlDebugLog0] _sum[State:Ok Ess SoC:89 %|L:-10000 W Grid:9800 W Production:2300 W Consumption:2100 W] ess0[SoC:89 %|L:-10000 W|Allowed:-10000;10000 W] levlWorkflow0[ActualDischargePowerW:-10000 W|LevlDischargePowerW:-10000 W|PrimaryUseCaseDischargePowerW:0 W|RealizedDischargePowerW:0 W] meterConsumption[2100 W] meterGrid[9800 W] meterProduction[2300 W]
2024-08-28T18:41:15,303 [_cycle  ] INFO  [enems.edge.ess.power.api.Power] [Channel [SetActivePowerEquals]] increasing requested [-10900 W] to minimum power [-10000 W] for [ess0P]
2024-08-28T18:41:15,304 [_cycle  ] INFO  [enems.edge.ess.power.api.Power] [Channel [SetReactivePowerEquals]] reducing requested [0 W] to maximum power [-1 W] for [ess0Q]
2024-08-28T18:41:15,305 [_cycle  ] INFO  [enems.edge.ess.power.api.Power] [Channel [SetReactivePowerEquals]] increasing requested [-1 W] to minimum power [0 W] for [ess0Q]
2024-08-28T18:41:16,300 [_cycle  ] INFO  [r.workflow.LevlPowerCalculator] *********** remaining discharge energy Ws -860300
2024-08-28T18:41:16,302 [_cycle  ] INFO  [ebuglog.ControllerDebugLogImpl] [ctrlDebugLog0] _sum[State:Ok Ess SoC:89 %|L:-10000 W Grid:9600 W Production:2400 W Consumption:2000 W] ess0[SoC:89 %|L:-10000 W|Allowed:-10000;10000 W] levlWorkflow0[ActualDischargePowerW:-10000 W|LevlDischargePowerW:-9800 W|PrimaryUseCaseDischargePowerW:-200 W|RealizedDischargePowerW:0 W] meterConsumption[2000 W] meterGrid[9600 W] meterProduction[2400 W]
2024-08-28T18:41:16,303 [_cycle  ] INFO  [enems.edge.ess.power.api.Power] [Channel [SetActivePowerEquals]] increasing requested [-11100 W] to minimum power [-10000 W] for [ess0P]
2024-08-28T18:41:16,304 [_cycle  ] INFO  [enems.edge.ess.power.api.Power] [Channel [SetReactivePowerEquals]] reducing requested [0 W] to maximum power [-1 W] for [ess0Q]
2024-08-28T18:41:16,305 [_cycle  ] INFO  [enems.edge.ess.power.api.Power] [Channel [SetReactivePowerEquals]] increasing requested [-1 W] to minimum power [0 W] for [ess0Q]
