org.ops4j.pax.logging.pax-logging-api [org.ops4j.pax.logging.internal.Activator] INFO : Enabling Java Util Logging API support.
org.ops4j.pax.logging.pax-logging-api [org.ops4j.pax.logging.internal.Activator] INFO : Enabling SLF4J API support.
org.ops4j.pax.logging.pax-logging-api [org.ops4j.pax.logging.internal.Activator] INFO : Enabling Apache Commons Logging API support.
org.ops4j.pax.logging.pax-logging-api [org.ops4j.pax.logging.internal.Activator] INFO : Enabling JULI Logger API support.
org.ops4j.pax.logging.pax-logging-api [org.ops4j.pax.logging.internal.Activator] INFO : Enabling Avalon Logger API support.
org.ops4j.pax.logging.pax-logging-api [org.ops4j.pax.logging.internal.Activator] INFO : Enabling JBoss Logging API support.
org.ops4j.pax.logging.pax-logging-api [org.ops4j.pax.logging.internal.Activator] INFO : Enabling Log4J v1 API support.
org.ops4j.pax.logging.pax-logging-api [org.ops4j.pax.logging.internal.Activator] INFO : Enabling Log4J v2 API support.
org.ops4j.pax.logging.pax-logging-api [log4j2] INFO : Initializing Log4j2 using default configuration
org.ops4j.pax.logging.pax-logging-api [log4j2] INFO : Scanning for classes in '/org/ops4j/pax/logging/log4j2/internal/bridges/' matching criteria annotated with @Plugin
org.ops4j.pax.logging.pax-logging-api [log4j2] INFO : Scanning for classes in '/org/apache/logging/log4j/layout/template/json/' matching criteria annotated with @Plugin
org.ops4j.pax.logging.pax-logging-api [log4j2] INFO : Scanning for classes in '/org/apache/logging/log4j/layout/template/json/resolver/' matching criteria annotated with @Plugin
org.ops4j.pax.logging.pax-logging-api [log4j2] INFO : Scanning for classes in '/org/apache/logging/log4j/layout/template/json/util/' matching criteria annotated with @Plugin
org.ops4j.pax.logging.pax-logging-api [log4j2] INFO : Log4J2 configured using default configuration.
org.ops4j.pax.logging.pax-logging-log4j2 [org.ops4j.pax.logging.spi.support.EventAdminConfigurationNotifier] INFO : Sending Event Admin notification (configuration successful) to org/ops4j/pax/logging/Configuration
org.ops4j.pax.logging.pax-logging-api [log4j2] INFO : Log4J2 configured using configuration from passed properties
2024-08-28T18:42:13,409 [ogging])] INFO  [ventAdminConfigurationNotifier] Sending Event Admin notification (configuration successful) to org/ops4j/pax/logging/Configuration
2024-08-28T18:42:13,409 [artLevel] INFO  [enems.edge.application.EdgeApp] ==================================
2024-08-28T18:42:13,414 [artLevel] INFO  [enems.edge.application.EdgeApp] OpenEMS version [2024.8.0] started
2024-08-28T18:42:13,415 [artLevel] INFO  [enems.edge.application.EdgeApp] ==================================
2024-08-28T18:42:13,662 [artLevel] INFO  [onent.AbstractOpenemsComponent] [ctrlDebugLog0] Activate Controller.Debug.Log
2024-08-28T18:42:13,907 [artLevel] INFO  [onent.AbstractOpenemsComponent] [_power] Activate Ess.Power
2024-08-28T18:42:13,931 [artLevel] INFO  [onent.AbstractOpenemsComponent] [_evcsSlowPowerIncreaseFilter] Activate Evcs.SlowPowerIncreaseFilter
2024-08-28T18:42:14,057 [artLevel] INFO  [onent.AbstractOpenemsComponent] [meterGrid] Activate Simulator.GridMeter.Reacting
2024-08-28T18:42:14,212 [artLevel] INFO  [onent.AbstractOpenemsComponent] [_host] Activate Core.Host
2024-08-28T18:42:14,218 [artLevel] INFO  [onent.AbstractOpenemsComponent] [_meta] Activate Core.Meta
2024-08-28T18:42:14,273 [artLevel] INFO  [rg.eclipse.jetty.server.Server] jetty-11.0.22; built: 2024-06-27T16:27:26.756Z; git: e711d4c7040cb1e61aa68cb248fa7280b734a3bb; jvm 17.0.12+7-Ubuntu-1ubuntu222.04
2024-08-28T18:42:14,305 [artLevel] INFO  [ession.DefaultSessionIdManager] Session workerName=node0
2024-08-28T18:42:14,323 [artLevel] INFO  [.server.handler.ContextHandler] Started o.e.j.s.ServletContextHandler@78223feb{/,null,AVAILABLE}
2024-08-28T18:42:14,326 [artLevel] INFO  [rg.eclipse.jetty.server.Server] Started Server@76683125{STARTING}[11.0.22,sto=0] @4300ms
2024-08-28T18:42:14,361 [artLevel] INFO  [jetty.server.AbstractConnector] Started ServerConnector@1fb3aa24{HTTP/1.1, (http/1.1)}{0.0.0.0:8080}
2024-08-28T18:42:14,362 [artLevel] INFO  [org.apache.felix.http         ] Started Jetty 11.0.22 at port(s) HTTP:8080 on context path / [minThreads=8,maxThreads=200,acceptors=2,selectors=8]
2024-08-28T18:42:14,411 [artLevel] INFO  [onent.AbstractOpenemsComponent] [_componentManager] Activate Core.ComponentManager
2024-08-28T18:42:14,595 [artLevel] INFO  [onent.AbstractOpenemsComponent] [_appManager] Activate Core.AppManager
2024-08-28T18:42:14,629 [artLevel] INFO  [onent.AbstractOpenemsComponent] [_predictorManager] Activate Core.PredictorManager
2024-08-28T18:42:14,651 [artLevel] INFO  [onent.AbstractOpenemsComponent] [_sum] Activate Core.Sum
2024-08-28T18:42:14,680 [artLevel] INFO  [onent.AbstractOpenemsComponent] [_energy] Activate Core.Energy
2024-08-28T18:42:14,726 [.Energy)] INFO  [onent.AbstractOpenemsComponent] [_energy] Modified Core.Energy
2024-08-28T18:42:14,728 [_energy ] INFO  [dge.energy.optimizer.Optimizer] # Start next run of Optimizer
2024-08-28T18:42:14,731 [_energy ] INFO  [dge.energy.optimizer.Optimizer] # Stuck trying to get Params. TimeOfUseTariff is not available
2024-08-28T18:42:14,736 [artLevel] INFO  [onent.AbstractOpenemsComponent] [_cycle] Activate Core.Cycle
2024-08-28T18:42:14,763 [_cycle  ] INFO  [andler.ComponentRequestHandler] Added '_host' to Component Apis.
2024-08-28T18:42:14,804 [_cycle  ] INFO  [andler.ComponentRequestHandler] Added '_appManager' to Component Apis.
2024-08-28T18:42:14,806 [_cycle  ] INFO  [andler.ComponentRequestHandler] Added '_energy' to Component Apis.
2024-08-28T18:42:14,819 [_cycle  ] INFO  [onent.AbstractOpenemsComponent] [ctrlApiRest0] Activate Controller.Api.Rest.ReadWrite
2024-08-28T18:42:14,846 [_cycle  ] INFO  [rg.eclipse.jetty.server.Server] jetty-11.0.22; built: 2024-06-27T16:27:26.756Z; git: e711d4c7040cb1e61aa68cb248fa7280b734a3bb; jvm 17.0.12+7-Ubuntu-1ubuntu222.04
2024-08-28T18:42:14,854 [_cycle  ] INFO  [jetty.server.AbstractConnector] Started ServerConnector@12cc1916{HTTP/1.1, (http/1.1)}{0.0.0.0:8085}
2024-08-28T18:42:14,855 [_cycle  ] INFO  [rg.eclipse.jetty.server.Server] Started Server@37972984{STARTING}[11.0.22,sto=0] @4830ms
2024-08-28T18:42:14,856 [_cycle  ] INFO  [.ControllerApiRestReadOnlyImpl] [ctrlApiRest0] REST-Api Read-Write started on port [8085].
2024-08-28T18:42:14,876 [_cycle  ] WARN  [ms.edge.core.cycle.CycleWorker] [_cycle] There are no Schedulers configured!
2024-08-28T18:42:14,886 [artLevel] INFO  [andler.ComponentRequestHandler] Added '_componentManager' to Component Apis.
2024-08-28T18:42:14,897 [artLevel] INFO  [onent.AbstractOpenemsComponent] [datasourceConsumption] Activate Simulator.Datasource.CSV.Predefined
2024-08-28T18:42:14,909 [artLevel] INFO  [onent.AbstractOpenemsComponent] [meterConsumption] Activate Simulator.NRCMeter.Acting
2024-08-28T18:42:14,920 [artLevel] INFO  [onent.AbstractOpenemsComponent] [datasourceProduction] Activate Simulator.Datasource.Single.Direct
2024-08-28T18:42:14,931 [artLevel] INFO  [onent.AbstractOpenemsComponent] [meterProduction] Activate Simulator.ProductionMeter.Acting
2024-08-28T18:42:14,945 [tManager] INFO  [onent.AbstractOpenemsComponent] [ess0] Activate Simulator.EssSymmetric.Reacting
2024-08-28T18:42:14,955 [artLevel] INFO  [onent.AbstractOpenemsComponent] [scheduler0] Activate Scheduler.AllAlphabetically
2024-08-28T18:42:14,971 [artLevel] INFO  [org.apache.felix.webconsole   ] org.apache.felix.webconsole.internal.compendium.PreferencesConfigurationPrinter not enabled. Reason: Class org/osgi/service/prefs/BackingStoreException missing
2024-08-28T18:42:15,001 [artLevel] INFO  [org.apache.felix.webconsole   ] Servlet 3 bridge enabled
2024-08-28T18:42:15,050 [artLevel] INFO  [onent.AbstractOpenemsComponent] [levlWorkflow0] Activate Levl.Workflow
2024-08-28T18:42:15,087 [artLevel] INFO  [onent.AbstractOpenemsComponent] [ctrlLevlBalancing0] Activate Controller.Levl.Symmetric.Balancing
2024-08-28T18:42:15,091 [artLevel] INFO  [andler.ComponentRequestHandler] Added 'levlWorkflow0' to Component Apis.
2024-08-28T18:42:15,094 [8ab82bc)] INFO  [onent.AbstractOpenemsComponent] [ctrlLevlBalancing0] Deactivate Controller.Levl.Symmetric.Balancing
2024-08-28T18:42:15,096 [8ab82bc)] INFO  [andler.ComponentRequestHandler] Removed 'levlWorkflow0' from Component Apis.
2024-08-28T18:42:15,097 [8ab82bc)] INFO  [onent.AbstractOpenemsComponent] [levlWorkflow0] Deactivate Levl.Workflow
2024-08-28T18:42:15,099 [artLevel] INFO  [onent.AbstractOpenemsComponent] [levlWorkflowState0] Activate Levl.Workflow.State
2024-08-28T18:42:15,103 [8ab82bc)] INFO  [onent.AbstractOpenemsComponent] [levlWorkflow0] Activate Levl.Workflow
2024-08-28T18:42:15,108 [8ab82bc)] INFO  [onent.AbstractOpenemsComponent] [ctrlLevlBalancing0] Activate Controller.Levl.Symmetric.Balancing
2024-08-28T18:42:15,110 [8ab82bc)] INFO  [andler.ComponentRequestHandler] Added 'levlWorkflow0' to Component Apis.
2024-08-28T18:42:15,751 [_cycle  ] INFO  [flow.LevlWorkflowComponentImpl] ### restored state from config
2024-08-28T18:42:15,757 [_cycle  ] INFO  [roller.workflow.DischargeState] Starting levl request: DischargeRequest{requestId='next-request', requestTimestamp=, dischargeEnergyWs=900000, influenceSellToGrid=true, start=2020-12-31T23:59:59.999999999, deadline=2030-12-31T23:59:59.999999999, active=true}
2024-08-28T18:42:15,757 [_cycle  ] INFO  [r.workflow.LevlPowerCalculator] *********** remaining discharge energy Ws 900000
2024-08-28T18:42:15,767 [_cycle  ] INFO  [ebuglog.ControllerDebugLogImpl] [ctrlDebugLog0] _sum[State:Ok Ess SoC:10 % Grid:-137 W Production:1000 W Consumption:863 W] ess0[SoC:10 %|L:UNDEFINED|Allowed:-10000;10000 W] levlWorkflow0[ActualDischargePowerW:UNDEFINED|LevlDischargePowerW:UNDEFINED|PrimaryUseCaseDischargePowerW:UNDEFINED|RealizedDischargePowerW:UNDEFINED] meterConsumption[863 W] meterGrid[-137 W] meterProduction[1000 W]
2024-08-28T18:42:15,768 [_cycle  ] WARN  [ms.edge.core.cycle.CycleWorker] [_cycle] Error in Controller [ctrlLevlBalancing0]: Value for Channel [ess0/ActivePower] is invalid.
2024-08-28T18:42:15,817 [f4d3eee)] INFO  [onent.AbstractOpenemsComponent] [levlWorkflowState0] Deactivate Levl.Workflow.State
2024-08-28T18:42:15,821 [f4d3eee)] INFO  [onent.AbstractOpenemsComponent] [levlWorkflowState0] Activate Levl.Workflow.State
2024-08-28T18:42:16,743 [_cycle  ] INFO  [r.workflow.LevlPowerCalculator] *********** remaining discharge energy Ws 900000
2024-08-28T18:42:16,746 [_cycle  ] INFO  [ebuglog.ControllerDebugLogImpl] [ctrlDebugLog0] _sum[State:Ok Ess SoC:10 %|L:0 W Grid:-231 W Production:1000 W Consumption:769 W] ctrlLevlBalancing0[State:FAULT: Running the Controller failed] ess0[SoC:10 %|L:0 W|Allowed:-10000;10000 W] levlWorkflow0[ActualDischargePowerW:0 W|LevlDischargePowerW:0 W|PrimaryUseCaseDischargePowerW:0 W|RealizedDischargePowerW:0 W] meterConsumption[769 W] meterGrid[-231 W] meterProduction[1000 W]
2024-08-28T18:42:16,783 [f4d3eee)] INFO  [onent.AbstractOpenemsComponent] [levlWorkflowState0] Deactivate Levl.Workflow.State
2024-08-28T18:42:16,786 [f4d3eee)] INFO  [onent.AbstractOpenemsComponent] [levlWorkflowState0] Activate Levl.Workflow.State
2024-08-28T18:42:17,742 [_cycle  ] INFO  [r.workflow.LevlPowerCalculator] *********** remaining discharge energy Ws 900000
2024-08-28T18:42:17,745 [_cycle  ] INFO  [ebuglog.ControllerDebugLogImpl] [ctrlDebugLog0] _sum[State:Fault Ess SoC:10 %|L:-231 W Grid:-81 W Production:1000 W Consumption:688 W] ess0[SoC:10 %|L:-231 W|Allowed:-10000;10000 W] levlWorkflow0[ActualDischargePowerW:-231 W|LevlDischargePowerW:0 W|PrimaryUseCaseDischargePowerW:-231 W|RealizedDischargePowerW:0 W] meterConsumption[688 W] meterGrid[-81 W] meterProduction[1000 W]
2024-08-28T18:42:17,770 [f4d3eee)] INFO  [onent.AbstractOpenemsComponent] [levlWorkflowState0] Deactivate Levl.Workflow.State
2024-08-28T18:42:17,781 [f4d3eee)] INFO  [onent.AbstractOpenemsComponent] [levlWorkflowState0] Activate Levl.Workflow.State
2024-08-28T18:42:18,743 [_cycle  ] INFO  [r.workflow.LevlPowerCalculator] *********** remaining discharge energy Ws 900000
2024-08-28T18:42:18,745 [_cycle  ] INFO  [ebuglog.ControllerDebugLogImpl] [ctrlDebugLog0] _sum[State:Ok Ess SoC:10 %|L:-312 W Grid:-64 W Production:1000 W Consumption:624 W] ess0[SoC:10 %|L:-312 W|Allowed:-10000;10000 W] levlWorkflow0[ActualDischargePowerW:-312 W|LevlDischargePowerW:0 W|PrimaryUseCaseDischargePowerW:-312 W|RealizedDischargePowerW:0 W] meterConsumption[624 W] meterGrid[-64 W] meterProduction[1000 W]
2024-08-28T18:42:18,772 [f4d3eee)] INFO  [onent.AbstractOpenemsComponent] [levlWorkflowState0] Deactivate Levl.Workflow.State
2024-08-28T18:42:18,774 [f4d3eee)] INFO  [onent.AbstractOpenemsComponent] [levlWorkflowState0] Activate Levl.Workflow.State
2024-08-28T18:42:19,742 [_cycle  ] INFO  [r.workflow.LevlPowerCalculator] *********** remaining discharge energy Ws 900000
2024-08-28T18:42:19,745 [_cycle  ] INFO  [ebuglog.ControllerDebugLogImpl] [ctrlDebugLog0] _sum[State:Ok Ess SoC:10 %|L:-376 W Grid:-44 W Production:1000 W Consumption:580 W] ess0[SoC:10 %|L:-376 W|Allowed:-10000;10000 W] levlWorkflow0[ActualDischargePowerW:-376 W|LevlDischargePowerW:0 W|PrimaryUseCaseDischargePowerW:-376 W|RealizedDischargePowerW:0 W] meterConsumption[580 W] meterGrid[-44 W] meterProduction[1000 W]
2024-08-28T18:42:19,769 [f4d3eee)] INFO  [onent.AbstractOpenemsComponent] [levlWorkflowState0] Deactivate Levl.Workflow.State
2024-08-28T18:42:19,771 [f4d3eee)] INFO  [onent.AbstractOpenemsComponent] [levlWorkflowState0] Activate Levl.Workflow.State
2024-08-28T18:42:20,743 [_cycle  ] INFO  [r.workflow.LevlPowerCalculator] *********** remaining discharge energy Ws 900000
2024-08-28T18:42:20,745 [_cycle  ] INFO  [ebuglog.ControllerDebugLogImpl] [ctrlDebugLog0] _sum[State:Ok Ess SoC:10 %|L:-420 W Grid:-28 W Production:1000 W Consumption:552 W] ess0[SoC:10 %|L:-420 W|Allowed:-10000;10000 W] levlWorkflow0[ActualDischargePowerW:-420 W|LevlDischargePowerW:0 W|PrimaryUseCaseDischargePowerW:-420 W|RealizedDischargePowerW:0 W] meterConsumption[552 W] meterGrid[-28 W] meterProduction[1000 W]
2024-08-28T18:42:20,770 [f4d3eee)] INFO  [onent.AbstractOpenemsComponent] [levlWorkflowState0] Deactivate Levl.Workflow.State
2024-08-28T18:42:20,772 [f4d3eee)] INFO  [onent.AbstractOpenemsComponent] [levlWorkflowState0] Activate Levl.Workflow.State
2024-08-28T18:42:21,742 [_cycle  ] INFO  [r.workflow.LevlPowerCalculator] *********** remaining discharge energy Ws 900000
2024-08-28T18:42:21,744 [_cycle  ] INFO  [ebuglog.ControllerDebugLogImpl] [ctrlDebugLog0] _sum[State:Ok Ess SoC:10 %|L:-448 W Grid:-16 W Production:1000 W Consumption:536 W] ess0[SoC:10 %|L:-448 W|Allowed:-10000;10000 W] levlWorkflow0[ActualDischargePowerW:-448 W|LevlDischargePowerW:0 W|PrimaryUseCaseDischargePowerW:-448 W|RealizedDischargePowerW:0 W] meterConsumption[536 W] meterGrid[-16 W] meterProduction[1000 W]
2024-08-28T18:42:21,768 [f4d3eee)] INFO  [onent.AbstractOpenemsComponent] [levlWorkflowState0] Deactivate Levl.Workflow.State
2024-08-28T18:42:21,770 [f4d3eee)] INFO  [onent.AbstractOpenemsComponent] [levlWorkflowState0] Activate Levl.Workflow.State
2024-08-28T18:42:22,743 [_cycle  ] INFO  [r.workflow.LevlPowerCalculator] *********** remaining discharge energy Ws 900000
2024-08-28T18:42:22,745 [_cycle  ] INFO  [ebuglog.ControllerDebugLogImpl] [ctrlDebugLog0] _sum[State:Ok Ess SoC:10 %|L:-464 W Grid:-12 W Production:1000 W Consumption:524 W] ess0[SoC:10 %|L:-464 W|Allowed:-10000;10000 W] levlWorkflow0[ActualDischargePowerW:-464 W|LevlDischargePowerW:0 W|PrimaryUseCaseDischargePowerW:-464 W|RealizedDischargePowerW:0 W] meterConsumption[524 W] meterGrid[-12 W] meterProduction[1000 W]
2024-08-28T18:42:22,770 [f4d3eee)] INFO  [onent.AbstractOpenemsComponent] [levlWorkflowState0] Deactivate Levl.Workflow.State
2024-08-28T18:42:22,773 [f4d3eee)] INFO  [onent.AbstractOpenemsComponent] [levlWorkflowState0] Activate Levl.Workflow.State
2024-08-28T18:42:23,743 [_cycle  ] INFO  [r.workflow.LevlPowerCalculator] *********** remaining discharge energy Ws 900000
2024-08-28T18:42:23,745 [_cycle  ] INFO  [ebuglog.ControllerDebugLogImpl] [ctrlDebugLog0] _sum[State:Ok Ess SoC:10 %|L:-476 W Grid:-11 W Production:1000 W Consumption:513 W] ess0[SoC:10 %|L:-476 W|Allowed:-10000;10000 W] levlWorkflow0[ActualDischargePowerW:-476 W|LevlDischargePowerW:0 W|PrimaryUseCaseDischargePowerW:-476 W|RealizedDischargePowerW:0 W] meterConsumption[513 W] meterGrid[-11 W] meterProduction[1000 W]
2024-08-28T18:42:23,769 [f4d3eee)] INFO  [onent.AbstractOpenemsComponent] [levlWorkflowState0] Deactivate Levl.Workflow.State
2024-08-28T18:42:23,771 [f4d3eee)] INFO  [onent.AbstractOpenemsComponent] [levlWorkflowState0] Activate Levl.Workflow.State
