levlWorkflow0[Missing Bundle] levlWorkflowState0[Missing Bundle]|State:FAULT: A configured OpenEMS Component was not activated] _sum[State:Fault Ess SoC:90 % Grid:-7137 W Production:8000 W Consumption:863 W] ess0[SoC:90 %|L:UNDEFINED|Allowed:-10000;10000 W] meterConsumption[863 W] meterGrid[-7137 W] meterProduction[8000 W]
levlWorkflow0] Activate Levl.Workflow
levlWorkflow0' to Component Apis.
levlWorkflow0' from Component Apis.
levlWorkflow0] Deactivate Levl.Workflow
levlWorkflow0] Activate Levl.Workflow
levlWorkflow0' to Component Apis.
levlWorkflow0[ActualDischargePowerW:UNDEFINED|LevlDischargePowerW:UNDEFINED|PrimaryUseCaseDischargePowerW:UNDEFINED|RealizedDischargePowerW:UNDEFINED] meterConsumption[769 W] meterGrid[-7231 W] meterProduction[8000 W]
levlWorkflow0[ActualDischargePowerW:-10000 W|LevlDischargePowerW:-10000 W|PrimaryUseCaseDischargePowerW:0 W|RealizedDischargePowerW:0 W] meterConsumption[688 W] meterGrid[2688 W] meterProduction[8000 W]
levlWorkflow0[ActualDischargePowerW:-10000 W|LevlDischargePowerW:-10000 W|PrimaryUseCaseDischargePowerW:0 W|RealizedDischargePowerW:0 W] meterConsumption[624 W] meterGrid[2624 W] meterProduction[8000 W]
levlWorkflow0[ActualDischargePowerW:-10000 W|LevlDischargePowerW:-10000 W|PrimaryUseCaseDischargePowerW:0 W|RealizedDischargePowerW:0 W] meterConsumption[580 W] meterGrid[2580 W] meterProduction[8000 W]
levlWorkflow0[ActualDischargePowerW:-10000 W|LevlDischargePowerW:-10000 W|PrimaryUseCaseDischargePowerW:0 W|RealizedDischargePowerW:0 W] meterConsumption[552 W] meterGrid[2552 W] meterProduction[8000 W]
levlWorkflow0[ActualDischargePowerW:-10000 W|LevlDischargePowerW:-10000 W|PrimaryUseCaseDischargePowerW:0 W|RealizedDischargePowerW:0 W] meterConsumption[536 W] meterGrid[2536 W] meterProduction[8000 W]
levlWorkflow0[ActualDischargePowerW:-10000 W|LevlDischargePowerW:-10000 W|PrimaryUseCaseDischargePowerW:0 W|RealizedDischargePowerW:0 W] meterConsumption[524 W] meterGrid[2524 W] meterProduction[8000 W]
levlWorkflow0[ActualDischargePowerW:-10000 W|LevlDischargePowerW:-10000 W|PrimaryUseCaseDischargePowerW:0 W|RealizedDischargePowerW:0 W] meterConsumption[513 W] meterGrid[2513 W] meterProduction[8000 W]
levlWorkflow0[ActualDischargePowerW:-10000 W|LevlDischargePowerW:-10000 W|PrimaryUseCaseDischargePowerW:0 W|RealizedDischargePowerW:0 W] meterConsumption[502 W] meterGrid[2502 W] meterProduction[8000 W]
